Apr 23 09:32:36 matebook-e-go systemd-sysctl[420]: Couldn't write '176' to 'kernel/sysrq', ignoring: No such file or directory
Apr 23 09:32:36 matebook-e-go systemd-sysctl[420]: Couldn't write '1' to 'kernel/yama/ptrace_scope', ignoring: No such file or directory
Apr 23 09:32:36 matebook-e-go systemd-sysctl[420]: Couldn't write '1' to 'kernel/unprivileged_userns_clone', ignoring: No such file or directory
Apr 23 09:32:36 matebook-e-go systemd-backlight[470]: ae94000.dsi.0: Failed to read current brightness: Invalid argument
Apr 23 09:32:36 matebook-e-go fake-hwclock[418]: Wed Oct 11 01:51:35 PM UTC 2023
Apr 23 09:32:36 matebook-e-go systemd-fsck[562]: fsck.fat 4.2 (2021-01-31)
Apr 23 09:32:36 matebook-e-go systemd-fsck[562]: /dev/sda1: 4 files, 299/516188 clusters
Apr 23 09:32:36 matebook-e-go armbian-zram-config[636]: modinfo: ERROR: Module zram not found.
Apr 23 09:32:36 matebook-e-go armbian-zram-config[573]: /usr/lib/armbian/armbian-zram-config: line 63: /sys/module/zswap/parameters/enabled: No such file or directory
Apr 23 09:32:36 matebook-e-go ifup[641]: /etc/network/if-up.d/resolved: 12: mystatedir: not found
Apr 23 09:32:36 matebook-e-go armbian-zram-config[645]: zramctl: no free zram device found
Apr 23 09:32:36 matebook-e-go systemd[1]: Starting Flush Journal to Persistent Storage...
Apr 23 09:32:36 matebook-e-go systemd[1]: Finished Flush Journal to Persistent Storage.
Apr 23 09:32:36 matebook-e-go systemd[1]: Starting Create Volatile Files and Directories...
Apr 23 09:32:36 matebook-e-go systemd[1]: Finished Create Volatile Files and Directories.
Apr 23 09:32:36 matebook-e-go systemd[1]: Mounting RPC Pipe File System...
Apr 23 09:32:36 matebook-e-go mount[716]: mount: /run/rpc_pipefs: unknown filesystem type 'rpc_pipefs'.
Apr 23 09:32:36 matebook-e-go systemd[1]: Started Entropy Daemon based on the HAVEGE algorithm.
Apr 23 09:32:36 matebook-e-go systemd[1]: Starting RPC bind portmap service...
Apr 23 09:32:36 matebook-e-go systemd[1]: Starting Network Name Resolution...
Apr 23 09:32:36 matebook-e-go systemd[1]: Starting Record System Boot/Shutdown in UTMP...
Apr 23 09:32:36 matebook-e-go systemd[1]: run-rpc_pipefs.mount: Mount process exited, code=exited, status=32/n/a
Apr 23 09:32:36 matebook-e-go systemd[1]: run-rpc_pipefs.mount: Failed with result 'exit-code'.
Apr 23 09:32:36 matebook-e-go systemd[1]: Failed to mount RPC Pipe File System.
Apr 23 09:32:36 matebook-e-go systemd[1]: Dependency failed for rpc_pipefs.target.
Apr 23 09:32:36 matebook-e-go systemd[1]: Dependency failed for RPC security service for NFS client and server.
Apr 23 09:32:36 matebook-e-go systemd[1]: rpc-gssd.service: Job rpc-gssd.service/start failed with result 'dependency'.
Apr 23 09:32:36 matebook-e-go systemd[1]: rpc_pipefs.target: Job rpc_pipefs.target/start failed with result 'dependency'.
Apr 23 09:32:36 matebook-e-go systemd[1]: Reached target NFS client services.
Apr 23 09:32:36 matebook-e-go systemd[1]: Finished Record System Boot/Shutdown in UTMP.
Apr 23 09:32:36 matebook-e-go systemd[1]: Reached target System Initialization.
Apr 23 09:32:36 matebook-e-go systemd[1]: Started CUPS Scheduler.
Apr 23 09:32:36 matebook-e-go kernel: [    0.000000] Booting Linux on physical CPU 0x0000000000 [0x410fd4b0]
Apr 23 09:32:36 matebook-e-go systemd[1]: Started Daily Cleanup of Temporary Directories.
Apr 23 09:32:36 matebook-e-go systemd[1]: Reached target Path Units.
Apr 23 09:32:36 matebook-e-go systemd[1]: Listening on CUPS Scheduler.
Apr 23 09:32:36 matebook-e-go systemd[1]: Reached target Socket Units.
Apr 23 09:32:36 matebook-e-go kernel: [    0.000000] Linux version 6.4.13-sc8280xp-arm64 (armbian@next) (aarch64-linux-gnu-gcc (Ubuntu 11.4.0-1ubuntu1~22.04) 11.4.0, GNU ld (GNU Binutils for Ubuntu) 2.38) #16 SMP PREEMPT Thu Aug 31 20:37:11 CST 2023
Apr 23 09:32:36 matebook-e-go systemd[1]: Listening on D-Bus System Message Bus Socket.
Apr 23 09:32:36 matebook-e-go kernel: [    0.000000] Machine model: Matebook E Go
Apr 23 09:32:36 matebook-e-go kernel: [    0.000000] efi: EFI v2.7 by Qualcomm Technologies, Inc.
Apr 23 09:32:36 matebook-e-go kernel: [    0.000000] efi: ACPI 2.0=0xffffd000 ESRT=0xfc0ae598 SMBIOS=0xffed1000 MEMATTR=0xfbf30098 TPMEventLog=0xec92e018 RNG=0xfff5b018 MEMRESERVE=0xf006f498 
Apr 23 09:32:36 matebook-e-go kernel: [    0.000000] random: crng init done
Apr 23 09:32:36 matebook-e-go kernel: [    0.000000] TPM Final Events table not present
Apr 23 09:32:36 matebook-e-go systemd[1]: Starting Armbian hardware monitoring...
Apr 23 09:32:36 matebook-e-go kernel: [    0.000000] esrt: Reserving ESRT space from 0x00000000fc0ae598 to 0x00000000fc0ae5d0.
Apr 23 09:32:36 matebook-e-go kernel: [    0.000000] Reserved memory: created CMA memory pool at 0x0000000878000000, size 128 MiB
Apr 23 09:32:36 matebook-e-go kernel: [    0.000000] OF: reserved mem: initialized node linux,cma, compatible id shared-dma-pool
Apr 23 09:32:36 matebook-e-go systemd[1]: Starting Armbian hardware optimization...
Apr 23 09:32:36 matebook-e-go kernel: [    0.000000] OF: reserved mem: 0x0000000878000000..0x000000087fffffff (131072 KiB) map reusable linux,cma
Apr 23 09:32:36 matebook-e-go kernel: [    0.000000] OF: reserved mem: 0x0000000080000000..0x000000008085ffff (8576 KiB) nomap non-reusable reserved-region@80000000
Apr 23 09:32:36 matebook-e-go kernel: [    0.000000] OF: reserved mem: 0x0000000080860000..0x000000008087ffff (128 KiB) nomap non-reusable cmd-db-region@80860000
Apr 23 09:32:36 matebook-e-go systemd[1]: Starting Armbian filesystem resize...
Apr 23 09:32:36 matebook-e-go haveged[718]: haveged: command socket is listening at fd 3
Apr 23 09:32:36 matebook-e-go systemd[1]: Finished Armbian hardware monitoring.
Apr 23 09:32:36 matebook-e-go haveged[718]: haveged starting up
Apr 23 09:32:36 matebook-e-go kernel: [    0.000000] OF: reserved mem: 0x0000000080880000..0x00000000808fffff (512 KiB) nomap non-reusable reserved-region@80880000
Apr 23 09:32:36 matebook-e-go kernel: [    0.000000] OF: reserved mem: 0x0000000080900000..0x0000000080afffff (2048 KiB) nomap non-reusable smem-region@80900000
Apr 23 09:32:36 matebook-e-go haveged[718]: haveged: ver: 1.9.14; arch: generic; vend: ; build: (gcc 11.2.0 CTV); collect: 128K
Apr 23 09:32:36 matebook-e-go kernel: [    0.000000] OF: reserved mem: 0x0000000080b00000..0x0000000080bfffff (1024 KiB) nomap non-reusable reserved-region@80b00000
Apr 23 09:32:36 matebook-e-go kernel: [    0.000000] OF: reserved mem: 0x0000000083b00000..0x00000000851fffff (23552 KiB) nomap non-reusable reserved-region@83b00000
Apr 23 09:32:36 matebook-e-go kernel: [    0.000000] OF: reserved mem: 0x0000000085b00000..0x00000000866fffff (12288 KiB) nomap non-reusable reserved-region@85b00000
Apr 23 09:32:36 matebook-e-go kernel: [    0.000000] OF: reserved mem: 0x0000000086700000..0x0000000086bfffff (5120 KiB) nomap non-reusable pil_video_region@86700000
Apr 23 09:32:36 matebook-e-go haveged[718]: haveged: cpu: (VC); data: 16K (D V); inst: 16K (D V); idx: 11/40; sz: 15456/64452
Apr 23 09:32:36 matebook-e-go kernel: [    0.000000] OF: reserved mem: 0x0000000086c00000..0x0000000088bfffff (32768 KiB) nomap non-reusable adsp-region@86c00000
Apr 23 09:32:36 matebook-e-go kernel: [    0.000000] OF: reserved mem: 0x000000008a100000..0x000000008befffff (30720 KiB) nomap non-reusable cdsp0-region@8a100000
Apr 23 09:32:36 matebook-e-go kernel: [    0.000000] OF: reserved mem: 0x000000008bf00000..0x000000008bf01fff (8 KiB) nomap non-reusable gpu-mem@8bf00000
Apr 23 09:32:36 matebook-e-go kernel: [    0.000000] OF: reserved mem: 0x000000008c600000..0x000000008e3fffff (30720 KiB) nomap non-reusable cdsp1-region@8c600000
Apr 23 09:32:36 matebook-e-go haveged[718]: haveged: tot tests(BA8): A:1/1 B:1/1 continuous tests(B):  last entropy estimate 7.99904
Apr 23 09:32:36 matebook-e-go kernel: [    0.000000] OF: reserved mem: 0x00000000aeb00000..0x00000000c50fffff (366592 KiB) nomap non-reusable reserved-region@aeb00000
Apr 23 09:32:36 matebook-e-go kernel: [    0.000000] NUMA: No NUMA configuration found
Apr 23 09:32:36 matebook-e-go haveged[718]: haveged: fills: 0, generated: 0
Apr 23 09:32:36 matebook-e-go kernel: [    0.000000] NUMA: Faking a node at [mem 0x0000000080600000-0x000000087fffffff]
Apr 23 09:32:36 matebook-e-go kernel: [    0.000000] NUMA: NODE_DATA [mem 0x876085ac0-0x876087fff]
Apr 23 09:32:36 matebook-e-go kernel: [    0.000000] Zone ranges:
Apr 23 09:32:36 matebook-e-go kernel: [    0.000000]   DMA      [mem 0x0000000080600000-0x00000000ffffffff]
Apr 23 09:32:36 matebook-e-go kernel: [    0.000000]   DMA32    empty
Apr 23 09:32:36 matebook-e-go armbian-hardware-optimization[736]: aplay: device_list:274: no soundcards found...
Apr 23 09:32:36 matebook-e-go kernel: [    0.000000]   Normal   [mem 0x0000000100000000-0x000000087fffffff]
Apr 23 09:32:36 matebook-e-go kernel: [    0.000000] Movable zone start for each node
Apr 23 09:32:36 matebook-e-go kernel: [    0.000000] Early memory node ranges
Apr 23 09:32:36 matebook-e-go systemd[1]: Finished Armbian hardware optimization.
Apr 23 09:32:36 matebook-e-go kernel: [    0.000000]   node   0: [mem 0x0000000080600000-0x00000000806fffff]
Apr 23 09:32:36 matebook-e-go kernel: [    0.000000]   node   0: [mem 0x0000000080880000-0x00000000808affff]
Apr 23 09:32:36 matebook-e-go kernel: [    0.000000]   node   0: [mem 0x00000000808c0000-0x00000000808effff]
Apr 23 09:32:36 matebook-e-go kernel: [    0.000000]   node   0: [mem 0x0000000080c00000-0x00000000826fffff]
Apr 23 09:32:36 matebook-e-go kernel: [    0.000000]   node   0: [mem 0x000000008e400000-0x000000009efbffff]
Apr 23 09:32:36 matebook-e-go kernel: [    0.000000]   node   0: [mem 0x000000009efc0000-0x000000009effffff]
Apr 23 09:32:36 matebook-e-go armbian-resize-filesystem[758]: Thu Apr 23 09:32:30 AM UTC 1970 | Matebook E Go | 23.08.0-trunk | arm64 | aarch64 | 6.4.13-sc8280xp-arm64
Apr 23 09:32:36 matebook-e-go kernel: [    0.000000]   node   0: [mem 0x000000009f000000-0x000000009f5cffff]
Apr 23 09:32:36 matebook-e-go kernel: [    0.000000]   node   0: [mem 0x000000009f5f7000-0x000000009f5fffff]
Apr 23 09:32:36 matebook-e-go kernel: [    0.000000]   node   0: [mem 0x000000009f600000-0x00000000aeafffff]
Apr 23 09:32:36 matebook-e-go armbian-hardware-optimization[760]: /usr/lib/armbian/armbian-hardware-optimization: line 41: echo: write error: Invalid argument
Apr 23 09:32:36 matebook-e-go kernel: [    0.000000]   node   0: [mem 0x00000000aeb00000-0x00000000bfffffff]
Apr 23 09:32:36 matebook-e-go kernel: [    0.000000]   node   0: [mem 0x00000000c6200000-0x00000000c85fffff]
Apr 23 09:32:36 matebook-e-go kernel: [    0.000000]   node   0: [mem 0x00000000c8600000-0x00000000ffa75fff]
Apr 23 09:32:36 matebook-e-go kernel: [    0.000000]   node   0: [mem 0x00000000ffa76000-0x00000000fff21fff]
Apr 23 09:32:36 matebook-e-go kernel: [    0.000000]   node   0: [mem 0x00000000fff22000-0x00000003ffffffff]
Apr 23 09:32:36 matebook-e-go kernel: [    0.000000]   node   0: [mem 0x0000000800000000-0x000000087fffffff]
Apr 23 09:32:36 matebook-e-go armbian-hardware-optimization[760]: [#033[0;32m ok #033[0m] Setting bfq I/O scheduler for sda
Apr 23 09:32:36 matebook-e-go kernel: [    0.000000] Initmem setup node 0 [mem 0x0000000080600000-0x000000087fffffff]
Apr 23 09:32:36 matebook-e-go kernel: [    0.000000] On node 0, zone DMA: 1536 pages in unavailable ranges
Apr 23 09:32:36 matebook-e-go kernel: [    0.000000] On node 0, zone DMA: 384 pages in unavailable ranges
Apr 23 09:32:36 matebook-e-go kernel: [    0.000000] On node 0, zone DMA: 16 pages in unavailable ranges
Apr 23 09:32:36 matebook-e-go kernel: [    0.000000] On node 0, zone DMA: 784 pages in unavailable ranges
Apr 23 09:32:36 matebook-e-go armbian-hardware-optimization[760]: [#033[0;32m ok #033[0m] Setting none I/O scheduler for nvme0n1
Apr 23 09:32:36 matebook-e-go kernel: [    0.000000] On node 0, zone DMA: 48384 pages in unavailable ranges
Apr 23 09:32:36 matebook-e-go kernel: [    0.000000] On node 0, zone DMA: 39 pages in unavailable ranges
Apr 23 09:32:36 matebook-e-go kernel: [    0.000000] On node 0, zone DMA: 25088 pages in unavailable ranges
Apr 23 09:32:36 matebook-e-go kernel: [    0.000000] psci: probing for conduit method from DT.
Apr 23 09:32:36 matebook-e-go kernel: [    0.000000] psci: PSCIv1.1 detected in firmware.
Apr 23 09:32:36 matebook-e-go kernel: [    0.000000] psci: Using standard PSCI v0.2 function IDs
Apr 23 09:32:36 matebook-e-go kernel: [    0.000000] psci: MIGRATE_INFO_TYPE not supported.
Apr 23 09:32:36 matebook-e-go armbian-resize-filesystem[758]: partition resize skipped: growroot detected.
Apr 23 09:32:36 matebook-e-go kernel: [    0.000000] psci: SMC Calling Convention v1.1
Apr 23 09:32:36 matebook-e-go kernel: [    0.000000] psci: OSI mode supported.
Apr 23 09:32:36 matebook-e-go kernel: [    0.000000] psci: [Firmware Bug]: failed to set PC mode: -3
Apr 23 09:32:36 matebook-e-go kernel: [    0.000000] percpu: Embedded 20 pages/cpu s42472 r8192 d31256 u81920
Apr 23 09:32:36 matebook-e-go kernel: [    0.000000] pcpu-alloc: s42472 r8192 d31256 u81920 alloc=20*4096
Apr 23 09:32:36 matebook-e-go kernel: [    0.000000] pcpu-alloc: [0] 0 [0] 1 [0] 2 [0] 3 [0] 4 [0] 5 [0] 6 [0] 7 
Apr 23 09:32:36 matebook-e-go armbian-resize-filesystem[758]: ### [resize2fs] Trying to resize ext4 filesystem on /dev/sda2:
Apr 23 09:32:36 matebook-e-go kernel: [    0.000000] Detected PIPT I-cache on CPU0
Apr 23 09:32:36 matebook-e-go kernel: [    0.000000] CPU features: SYS_ID_AA64ISAR1_EL1[31:28]: already set to 0
Apr 23 09:32:36 matebook-e-go kernel: [    0.000000] CPU features: SYS_ID_AA64ISAR1_EL1[27:24]: forced to 0
Apr 23 09:32:36 matebook-e-go kernel: [    0.000000] CPU features: SYS_ID_AA64ISAR1_EL1[11:8]: already set to 0
Apr 23 09:32:36 matebook-e-go armbian-resize-filesystem[758]: Running 'resize2fs /dev/sda2' now...
Apr 23 09:32:36 matebook-e-go kernel: [    0.000000] CPU features: SYS_ID_AA64ISAR1_EL1[7:4]: forced to 0
Apr 23 09:32:36 matebook-e-go kernel: [    0.000000] CPU features: SYS_ID_AA64ISAR2_EL1[15:12]: already set to 0
Apr 23 09:32:36 matebook-e-go kernel: [    0.000000] CPU features: SYS_ID_AA64ISAR2_EL1[11:8]: already set to 0
Apr 23 09:32:36 matebook-e-go kernel: [    0.000000] CPU features: detected: GIC system register CPU interface
Apr 23 09:32:36 matebook-e-go armbian-resize-filesystem[758]: resize2fs 1.46.5 (30-Dec-2021)
Apr 23 09:32:36 matebook-e-go kernel: [    0.000000] CPU features: detected: Hardware dirty bit management
Apr 23 09:32:36 matebook-e-go kernel: [    0.000000] CPU features: detected: Spectre-v4
Apr 23 09:32:36 matebook-e-go kernel: [    0.000000] CPU features: detected: Spectre-BHB
Apr 23 09:32:36 matebook-e-go kernel: [    0.000000] CPU features: kernel page table isolation forced ON by KASLR
Apr 23 09:32:36 matebook-e-go kernel: [    0.000000] CPU features: detected: Kernel page table isolation (KPTI)
Apr 23 09:32:36 matebook-e-go systemd[1]: Started RPC bind portmap service.
Apr 23 09:32:36 matebook-e-go kernel: [    0.000000] alternatives: applying boot alternatives
Apr 23 09:32:36 matebook-e-go kernel: [    0.000000] Kernel command line: BOOT_IMAGE=/boot/vmlinuz-6.4.13-sc8280xp-arm64 root=UUID=f9c93be3-aa69-4df7-a700-9331aebc0809 ro efi=noruntime clk_ignore_unused pd_ignore_unused console=tty1 quiet splash plymouth.ignore-serial-consoles i915.force_probe=* loglevel=7
Apr 23 09:32:36 matebook-e-go systemd[1]: Reached target Preparation for Remote File Systems.
Apr 23 09:32:36 matebook-e-go kernel: [    0.000000] Unknown kernel command line parameters "splash BOOT_IMAGE=/boot/vmlinuz-6.4.13-sc8280xp-arm64", will be passed to user space.
Apr 23 09:32:36 matebook-e-go kernel: [    0.000000] Dentry cache hash table entries: 2097152 (order: 12, 16777216 bytes, linear)
Apr 23 09:32:36 matebook-e-go kernel: [    0.000000] Inode-cache hash table entries: 1048576 (order: 11, 8388608 bytes, linear)
Apr 23 09:32:36 matebook-e-go kernel: [    0.000000] Fallback order for Node 0: 0 
Apr 23 09:32:36 matebook-e-go systemd[1]: Reached target Remote File Systems.
Apr 23 09:32:36 matebook-e-go kernel: [    0.000000] Built 1 zonelists, mobility grouping on.  Total pages: 4053728
Apr 23 09:32:36 matebook-e-go kernel: [    0.000000] Policy zone: Normal
Apr 23 09:32:36 matebook-e-go kernel: [    0.000000] mem auto-init: stack:off, heap alloc:off, heap free:off
Apr 23 09:32:36 matebook-e-go systemd[1]: Reached target RPC Port Mapper.
Apr 23 09:32:36 matebook-e-go kernel: [    0.000000] software IO TLB: area num 8.
Apr 23 09:32:36 matebook-e-go kernel: [    0.000000] software IO TLB: mapped [mem 0x00000000f7f30000-0x00000000fbf30000] (64MB)
Apr 23 09:32:36 matebook-e-go kernel: [    0.000000] Memory: 15586284K/16472292K available (9088K kernel code, 1332K rwdata, 2896K rodata, 2048K init, 469K bss, 754936K reserved, 131072K cma-reserved)
Apr 23 09:32:36 matebook-e-go kernel: [    0.000000] SLUB: HWalign=64, Order=0-3, MinObjects=0, CPUs=8, Nodes=1
Apr 23 09:32:36 matebook-e-go kernel: [    0.000000] rcu: Preemptible hierarchical RCU implementation.
Apr 23 09:32:36 matebook-e-go kernel: [    0.000000] rcu: 	RCU restricting CPUs from NR_CPUS=256 to nr_cpu_ids=8.
Apr 23 09:32:36 matebook-e-go systemd-resolved[720]: Positive Trust Anchors:
Apr 23 09:32:36 matebook-e-go kernel: [    0.000000] 	Trampoline variant of Tasks RCU enabled.
Apr 23 09:32:36 matebook-e-go kernel: [    0.000000] 	Tracing variant of Tasks RCU enabled.
Apr 23 09:32:36 matebook-e-go kernel: [    0.000000] rcu: RCU calculated value of scheduler-enlistment delay is 25 jiffies.
Apr 23 09:32:36 matebook-e-go systemd-resolved[720]: . IN DS 20326 8 2 e06d44b80b8f1d39a95c0b0d7c65d08458e880409bbc683457104237c7f8ec8d
Apr 23 09:32:36 matebook-e-go systemd-resolved[720]: Negative trust anchors: home.arpa 10.in-addr.arpa 16.172.in-addr.arpa 17.172.in-addr.arpa 18.172.in-addr.arpa 19.172.in-addr.arpa 20.172.in-addr.arpa 21.172.in-addr.arpa 22.172.in-addr.arpa 23.172.in-addr.arpa 24.172.in-addr.arpa 25.172.in-addr.arpa 26.172.in-addr.arpa 27.172.in-addr.arpa 28.172.in-addr.arpa 29.172.in-addr.arpa 30.172.in-addr.arpa 31.172.in-addr.arpa 168.192.in-addr.arpa d.f.ip6.arpa corp home internal intranet lan local private test
Apr 23 09:32:36 matebook-e-go systemd-resolved[720]: Using system hostname 'matebook-e-go'.
Apr 23 09:32:36 matebook-e-go systemd[1]: Started Network Name Resolution.
Apr 23 09:32:36 matebook-e-go systemd[1]: Reached target Host and Network Name Lookups.
Apr 23 09:32:36 matebook-e-go systemd-udevd[453]: Using default interface naming scheme 'v249'.
Apr 23 09:32:36 matebook-e-go systemd-udevd[453]: wlP6p1s0: Process '/sbin/iw dev wlan0 set power_save off' failed with exit code 237.
Apr 23 09:32:36 matebook-e-go systemd-udevd[443]: Using default interface naming scheme 'v249'.
Apr 23 09:32:36 matebook-e-go systemd[1]: Finished Set console font and keymap.
Apr 23 09:32:36 matebook-e-go armbian-resize-filesystem[758]: Filesystem at /dev/sda2 is mounted on /; on-line resizing required
Apr 23 09:32:36 matebook-e-go armbian-resize-filesystem[758]: old_desc_blocks = 1, new_desc_blocks = 14
Apr 23 09:32:36 matebook-e-go kernel: [    0.000000] rcu: Adjusting geometry for rcu_fanout_leaf=16, nr_cpu_ids=8
Apr 23 09:32:36 matebook-e-go kernel: [    0.000000] NR_IRQS: 64, nr_irqs: 64, preallocated irqs: 0
Apr 23 09:32:36 matebook-e-go armbian-resize-filesystem[758]: The filesystem on /dev/sda2 is now 29238641 (4k) blocks long.
Apr 23 09:32:36 matebook-e-go kernel: [    0.000000] GICv3: 960 SPIs implemented
Apr 23 09:32:36 matebook-e-go kernel: [    0.000000] GICv3: 0 Extended SPIs implemented
Apr 23 09:32:36 matebook-e-go kernel: [    0.000000] Root IRQ handler: gic_handle_irq
Apr 23 09:32:36 matebook-e-go kernel: [    0.000000] GICv3: GICv3 features: 16 PPIs
Apr 23 09:32:36 matebook-e-go kernel: [    0.000000] GICv3: CPU0: found redistributor 0 region 0:0x0000000017a60000
Apr 23 09:32:36 matebook-e-go kernel: [    0.000000] ITS [mem 0x17a40000-0x17a5ffff]
Apr 23 09:32:36 matebook-e-go kernel: [    0.000000] ITS@0x0000000017a40000: allocated 8192 Devices @100050000 (indirect, esz 8, psz 64K, shr 1)
Apr 23 09:32:36 matebook-e-go kernel: [    0.000000] ITS@0x0000000017a40000: allocated 32768 Interrupt Collections @100060000 (flat, esz 2, psz 64K, shr 1)
Apr 23 09:32:36 matebook-e-go armbian-resize-filesystem[758]: Removed /etc/systemd/system/basic.target.wants/armbian-resize-filesystem.service.
Apr 23 09:32:36 matebook-e-go kernel: [    0.000000] GICv3: using LPI property table @0x0000000100070000
Apr 23 09:32:36 matebook-e-go kernel: [    0.000000] GICv3: CPU0: using allocated LPI pending table @0x0000000100080000
Apr 23 09:32:36 matebook-e-go kernel: [    0.000000] rcu: srcu_init: Setting srcu_struct sizes based on contention.
Apr 23 09:32:36 matebook-e-go kernel: [    0.000000] arch_timer: cp15 and mmio timer(s) running at 19.20MHz (virt/virt).
Apr 23 09:32:36 matebook-e-go kernel: [    0.000000] clocksource: arch_sys_counter: mask: 0xffffffffffffff max_cycles: 0x46d987e47, max_idle_ns: 440795202767 ns
Apr 23 09:32:36 matebook-e-go systemd[1]: Reloading.
Apr 23 09:32:36 matebook-e-go kernel: [    0.000000] sched_clock: 56 bits at 19MHz, resolution 52ns, wraps every 4398046511078ns
Apr 23 09:32:36 matebook-e-go kernel: [    0.000057] Console: colour dummy device 80x25
Apr 23 09:32:36 matebook-e-go kernel: [    0.000061] printk: console [tty1] enabled
Apr 23 09:32:36 matebook-e-go systemd[1]: systemd-rfkill.service: Deactivated successfully.
Apr 23 09:32:36 matebook-e-go kernel: [    0.000222] Calibrating delay loop (skipped), value calculated using timer frequency.. 38.40 BogoMIPS (lpj=76800)
Apr 23 09:32:36 matebook-e-go kernel: [    0.000228] pid_max: default: 32768 minimum: 301
Apr 23 09:32:36 matebook-e-go kernel: [    0.000277] Mount-cache hash table entries: 32768 (order: 6, 262144 bytes, linear)
Apr 23 09:32:36 matebook-e-go kernel: [    0.000295] Mountpoint-cache hash table entries: 32768 (order: 6, 262144 bytes, linear)
Apr 23 09:32:36 matebook-e-go kernel: [    0.000760] cblist_init_generic: Setting adjustable number of callback queues.
Apr 23 09:32:36 matebook-e-go systemd[1]: Finished Armbian filesystem resize.
Apr 23 09:32:36 matebook-e-go kernel: [    0.000768] cblist_init_generic: Setting shift to 3 and lim to 1.
Apr 23 09:32:36 matebook-e-go kernel: [    0.000783] cblist_init_generic: Setting adjustable number of callback queues.
Apr 23 09:32:36 matebook-e-go kernel: [    0.000786] cblist_init_generic: Setting shift to 3 and lim to 1.
Apr 23 09:32:36 matebook-e-go systemd[1]: Reached target Basic System.
Apr 23 09:32:36 matebook-e-go kernel: [    0.000817] rcu: Hierarchical SRCU implementation.
Apr 23 09:32:36 matebook-e-go kernel: [    0.000820] rcu: 	Max phase no-delay instances is 1000.
Apr 23 09:32:36 matebook-e-go kernel: [    0.000956] Platform MSI: msi-controller@17a40000 domain created
Apr 23 09:32:36 matebook-e-go kernel: [    0.001005] PCI/MSI: /soc@0/interrupt-controller@17a00000/msi-controller@17a40000 domain created
Apr 23 09:32:36 matebook-e-go kernel: [    0.001025] EFI runtime services will be disabled.
Apr 23 09:32:36 matebook-e-go systemd[1]: Starting Accounts Service...
Apr 23 09:32:36 matebook-e-go kernel: [    0.001096] smp: Bringing up secondary CPUs ...
Apr 23 09:32:36 matebook-e-go kernel: [    0.001539] Detected PIPT I-cache on CPU1
Apr 23 09:32:36 matebook-e-go kernel: [    0.001576] GICv3: CPU1: found redistributor 100 region 0:0x0000000017a80000
Apr 23 09:32:36 matebook-e-go kernel: [    0.001588] GICv3: CPU1: using allocated LPI pending table @0x0000000100090000
Apr 23 09:32:36 matebook-e-go kernel: [    0.001614] CPU1: Booted secondary processor 0x0000000100 [0x410fd4b0]
Apr 23 09:32:36 matebook-e-go systemd[1]: Started Armbian first run tasks.
Apr 23 09:32:36 matebook-e-go kernel: [    0.002086] Detected PIPT I-cache on CPU2
Apr 23 09:32:36 matebook-e-go kernel: [    0.002109] GICv3: CPU2: found redistributor 200 region 0:0x0000000017aa0000
Apr 23 09:32:36 matebook-e-go systemd[1]: Starting Bluetooth service...
Apr 23 09:32:36 matebook-e-go kernel: [    0.002118] GICv3: CPU2: using allocated LPI pending table @0x00000001000a0000
Apr 23 09:32:36 matebook-e-go kernel: [    0.002136] CPU2: Booted secondary processor 0x0000000200 [0x410fd4b0]
Apr 23 09:32:36 matebook-e-go kernel: [    0.002601] Detected PIPT I-cache on CPU3
Apr 23 09:32:36 matebook-e-go kernel: [    0.002621] GICv3: CPU3: found redistributor 300 region 0:0x0000000017ac0000
Apr 23 09:32:36 matebook-e-go kernel: [    0.002629] GICv3: CPU3: using allocated LPI pending table @0x00000001000b0000
Apr 23 09:32:36 matebook-e-go systemd[1]: Started Regular background program processing daemon.
Apr 23 09:32:36 matebook-e-go kernel: [    0.002647] CPU3: Booted secondary processor 0x0000000300 [0x410fd4b0]
Apr 23 09:32:36 matebook-e-go kernel: [    0.005220] Detected PIPT I-cache on CPU4
Apr 23 09:32:36 matebook-e-go kernel: [    0.005257] GICv3: CPU4: found redistributor 400 region 0:0x0000000017ae0000
Apr 23 09:32:36 matebook-e-go systemd[1]: Started D-Bus System Message Bus.
Apr 23 09:32:36 matebook-e-go kernel: [    0.005268] GICv3: CPU4: using allocated LPI pending table @0x00000001000c0000
Apr 23 09:32:36 matebook-e-go kernel: [    0.005294] CPU4: Booted secondary processor 0x0000000400 [0x410fd4c0]
Apr 23 09:32:36 matebook-e-go kernel: [    0.005866] Detected PIPT I-cache on CPU5
Apr 23 09:32:36 matebook-e-go kernel: [    0.005908] GICv3: CPU5: found redistributor 500 region 0:0x0000000017b00000
Apr 23 09:32:36 matebook-e-go systemd[1]: Starting Network Manager...
Apr 23 09:32:36 matebook-e-go kernel: [    0.005921] GICv3: CPU5: using allocated LPI pending table @0x00000001000d0000
Apr 23 09:32:36 matebook-e-go kernel: [    0.005947] CPU5: Booted secondary processor 0x0000000500 [0x410fd4c0]
Apr 23 09:32:36 matebook-e-go kernel: [    0.006543] Detected PIPT I-cache on CPU6
Apr 23 09:32:36 matebook-e-go systemd[1]: Started Save initial kernel messages after boot.
Apr 23 09:32:36 matebook-e-go kernel: [    0.006587] GICv3: CPU6: found redistributor 600 region 0:0x0000000017b20000
Apr 23 09:32:36 matebook-e-go kernel: [    0.006599] GICv3: CPU6: using allocated LPI pending table @0x00000001000e0000
Apr 23 09:32:36 matebook-e-go kernel: [    0.006625] CPU6: Booted secondary processor 0x0000000600 [0x410fd4c0]
Apr 23 09:32:36 matebook-e-go kernel: [    0.007235] Detected PIPT I-cache on CPU7
Apr 23 09:32:36 matebook-e-go cron[1364]: (CRON) INFO (pidfile fd = 3)
Apr 23 09:32:36 matebook-e-go kernel: [    0.007278] GICv3: CPU7: found redistributor 700 region 0:0x0000000017b40000
Apr 23 09:32:36 matebook-e-go kernel: [    0.007289] GICv3: CPU7: using allocated LPI pending table @0x00000001000f0000
Apr 23 09:32:36 matebook-e-go kernel: [    0.007313] CPU7: Booted secondary processor 0x0000000700 [0x410fd4c0]
Apr 23 09:32:36 matebook-e-go kernel: [    0.007370] smp: Brought up 1 node, 8 CPUs
Apr 23 09:32:36 matebook-e-go kernel: [    0.007394] SMP: Total of 8 processors activated.
Apr 23 09:32:36 matebook-e-go systemd[1]: Starting Remove Stale Online ext4 Metadata Check Snapshots...
Apr 23 09:32:36 matebook-e-go kernel: [    0.007396] CPU features: detected: 32-bit EL0 Support
Apr 23 09:32:36 matebook-e-go kernel: [    0.007399] CPU features: detected: Data cache clean to the PoU not required for I/D coherence
Apr 23 09:32:36 matebook-e-go systemd[1]: Condition check resulted in getty on tty2-tty6 if dbus and logind are not available being skipped.
Apr 23 09:32:36 matebook-e-go kernel: [    0.007401] CPU features: detected: Common not Private translations
Apr 23 09:32:36 matebook-e-go kernel: [    0.007403] CPU features: detected: CRC32 instructions
Apr 23 09:32:36 matebook-e-go kernel: [    0.007406] CPU features: detected: RCpc load-acquire (LDAPR)
Apr 23 09:32:36 matebook-e-go kernel: [    0.007408] CPU features: detected: LSE atomic instructions
Apr 23 09:32:36 matebook-e-go kernel: [    0.007410] CPU features: detected: Privileged Access Never
Apr 23 09:32:36 matebook-e-go systemd[1]: Starting Record successful boot for GRUB...
Apr 23 09:32:36 matebook-e-go kernel: [    0.007412] CPU features: detected: RAS Extension Support
Apr 23 09:32:36 matebook-e-go kernel: [    0.007414] CPU features: detected: Speculative Store Bypassing Safe (SSBS)
Apr 23 09:32:36 matebook-e-go kernel: [    0.007466] CPU: All CPU(s) started at EL1
Apr 23 09:32:36 matebook-e-go kernel: [    0.007469] alternatives: applying system-wide alternatives
Apr 23 09:32:36 matebook-e-go kernel: [    0.009252] devtmpfs: initialized
Apr 23 09:32:36 matebook-e-go systemd[1]: Starting Initialize hardware monitoring sensors...
Apr 23 09:32:36 matebook-e-go kernel: [    0.012223] clocksource: jiffies: mask: 0xffffffff max_cycles: 0xffffffff, max_idle_ns: 7645041785100000 ns
Apr 23 09:32:36 matebook-e-go kernel: [    0.012232] futex hash table entries: 2048 (order: 5, 131072 bytes, linear)
Apr 23 09:32:36 matebook-e-go systemd[1]: Starting LSB: Load kernel modules needed to enable cpufreq scaling...
Apr 23 09:32:36 matebook-e-go kernel: [    0.012633] pinctrl core: initialized pinctrl subsystem
Apr 23 09:32:36 matebook-e-go kernel: [    0.012782] SMBIOS 3.3 present.
Apr 23 09:32:36 matebook-e-go kernel: [    0.012788] DMI: HUAWEI GK-W7X/GK-W7X-PCB, BIOS 2.16 01/31/2023
Apr 23 09:32:36 matebook-e-go kernel: [    0.012856] NET: Registered PF_NETLINK/PF_ROUTE protocol family
Apr 23 09:32:36 matebook-e-go kernel: [    0.013134] DMA: preallocated 2048 KiB GFP_KERNEL pool for atomic allocations
Apr 23 09:32:36 matebook-e-go systemd[1]: Starting LSB: rng-tools (Debian variant)...
Apr 23 09:32:36 matebook-e-go kernel: [    0.013208] DMA: preallocated 2048 KiB GFP_KERNEL|GFP_DMA pool for atomic allocations
Apr 23 09:32:36 matebook-e-go kernel: [    0.013278] DMA: preallocated 2048 KiB GFP_KERNEL|GFP_DMA32 pool for atomic allocations
Apr 23 09:32:36 matebook-e-go systemd[1]: Starting System Logging Service...
Apr 23 09:32:36 matebook-e-go kernel: [    0.013291] audit: initializing netlink subsys (disabled)
Apr 23 09:32:36 matebook-e-go kernel: [    0.013328] audit: type=2000 audit(0.012:1): state=initialized audit_enabled=0 res=1
Apr 23 09:32:36 matebook-e-go kernel: [    0.013416] thermal_sys: Registered thermal governor 'step_wise'
Apr 23 09:32:36 matebook-e-go kernel: [    0.013418] thermal_sys: Registered thermal governor 'power_allocator'
Apr 23 09:32:36 matebook-e-go kernel: [    0.013433] cpuidle: using governor menu
Apr 23 09:32:36 matebook-e-go systemd[1]: Starting Resets System Activity Logs...
Apr 23 09:32:36 matebook-e-go kernel: [    0.013469] hw-breakpoint: found 6 breakpoint and 4 watchpoint registers.
Apr 23 09:32:36 matebook-e-go kernel: [    0.013537] ASID allocator initialised with 32768 entries
Apr 23 09:32:36 matebook-e-go systemd[1]: Starting User Login Management...
Apr 23 09:32:36 matebook-e-go kernel: [    0.018276] platform ae00000.display-subsystem: Fixed dependency cycle(s) with /soc@0/clock-controller@af00000
Apr 23 09:32:36 matebook-e-go kernel: [    0.020789] KASLR enabled
Apr 23 09:32:36 matebook-e-go kernel: [    0.020965] HugeTLB: registered 1.00 GiB page size, pre-allocated 0 pages
Apr 23 09:32:36 matebook-e-go kernel: [    0.020973] HugeTLB: 0 KiB vmemmap can be freed for a 1.00 GiB page
Apr 23 09:32:36 matebook-e-go kernel: [    0.020978] HugeTLB: registered 32.0 MiB page size, pre-allocated 0 pages
Apr 23 09:32:36 matebook-e-go systemd[1]: Starting Disk Manager...
Apr 23 09:32:36 matebook-e-go kernel: [    0.020983] HugeTLB: 0 KiB vmemmap can be freed for a 32.0 MiB page
Apr 23 09:32:36 matebook-e-go kernel: [    0.020987] HugeTLB: registered 2.00 MiB page size, pre-allocated 0 pages
Apr 23 09:32:36 matebook-e-go systemd[1]: Starting WPA supplicant...
Apr 23 09:32:36 matebook-e-go kernel: [    0.020992] HugeTLB: 0 KiB vmemmap can be freed for a 2.00 MiB page
Apr 23 09:32:36 matebook-e-go kernel: [    0.020996] HugeTLB: registered 64.0 KiB page size, pre-allocated 0 pages
Apr 23 09:32:36 matebook-e-go kernel: [    0.021001] HugeTLB: 0 KiB vmemmap can be freed for a 64.0 KiB page
Apr 23 09:32:36 matebook-e-go kernel: [    0.021973] iommu: Default domain type: Translated 
Apr 23 09:32:36 matebook-e-go kernel: [    0.021981] iommu: DMA domain TLB invalidation policy: strict mode 
Apr 23 09:32:36 matebook-e-go loadcpufreq[1375]:  * Loading cpufreq kernel modules...
Apr 23 09:32:36 matebook-e-go kernel: [    0.022093] SCSI subsystem initialized
Apr 23 09:32:36 matebook-e-go kernel: [    0.022121] usbcore: registered new interface driver usbfs
Apr 23 09:32:36 matebook-e-go kernel: [    0.022136] usbcore: registered new interface driver hub
Apr 23 09:32:36 matebook-e-go armbian-firstrun[1399]: sed: can't read /etc/skel/.config/htop/htoprc: No such file or directory
Apr 23 09:32:36 matebook-e-go kernel: [    0.022151] usbcore: registered new device driver usb
Apr 23 09:32:36 matebook-e-go kernel: [    0.022315] CPUidle PSCI: Initialized CPU PM domain topology using OSI mode
Apr 23 09:32:36 matebook-e-go kernel: [    0.022513] scmi_core: SCMI protocol bus registered
Apr 23 09:32:36 matebook-e-go kernel: [    0.022873] vgaarb: loaded
Apr 23 09:32:36 matebook-e-go kernel: [    0.022965] clocksource: Switched to clocksource arch_sys_counter
Apr 23 09:32:36 matebook-e-go kernel: [    0.023039] VFS: Disk quotas dquot_6.6.0
Apr 23 09:32:36 matebook-e-go kernel: [    0.023055] VFS: Dquot-cache hash table entries: 512 (order 0, 4096 bytes)
Apr 23 09:32:36 matebook-e-go armbian-firstrun[1408]: sed: can't read /etc/skel/.config/htop/htoprc: No such file or directory
Apr 23 09:32:36 matebook-e-go armbian-firstrun[1409]: sed: can't read /etc/skel/.config/htop/htoprc: No such file or directory
Apr 23 09:32:36 matebook-e-go armbian-firstrun[1410]: sed: can't read /etc/skel/.config/htop/htoprc: No such file or directory
Apr 23 09:32:36 matebook-e-go armbian-firstrun[1411]: sed: can't read /etc/skel/.config/htop/htoprc: No such file or directory
Apr 23 09:32:36 matebook-e-go rng-tools-debian: not starting: no hardware RNG device found
Apr 23 09:32:36 matebook-e-go rng-tools-debian[1377]:  * Configuring Hardware RNG entropy gatherer daemon
Apr 23 09:32:36 matebook-e-go rng-tools-debian[1377]:    ...fail!
Apr 23 09:32:36 matebook-e-go systemd[1]: Started LSB: rng-tools (Debian variant).
Apr 23 09:32:36 matebook-e-go systemd[1]: e2scrub_reap.service: Deactivated successfully.
Apr 23 09:32:36 matebook-e-go kernel: [    0.025032] NET: Registered PF_INET protocol family
Apr 23 09:32:36 matebook-e-go kernel: [    0.025218] IP idents hash table entries: 262144 (order: 9, 2097152 bytes, linear)
Apr 23 09:32:36 matebook-e-go systemd[1]: Finished Remove Stale Online ext4 Metadata Check Snapshots.
Apr 23 09:32:36 matebook-e-go sensors[1423]: pm8280_2_thermal-virtual-0
Apr 23 09:32:36 matebook-e-go sensors[1423]: Adapter: Virtual device
Apr 23 09:32:36 matebook-e-go sensors[1423]: temp1:        +37.0°C
Apr 23 09:32:36 matebook-e-go kernel: [    0.031594] tcp_listen_portaddr_hash hash table entries: 8192 (order: 5, 131072 bytes, linear)
Apr 23 09:32:36 matebook-e-go kernel: [    0.031629] Table-perturb hash table entries: 65536 (order: 6, 262144 bytes, linear)
Apr 23 09:32:36 matebook-e-go kernel: [    0.031641] TCP established hash table entries: 131072 (order: 8, 1048576 bytes, linear)
Apr 23 09:32:36 matebook-e-go kernel: [    0.031879] TCP bind hash table entries: 65536 (order: 9, 2097152 bytes, linear)
Apr 23 09:32:36 matebook-e-go kernel: [    0.032335] TCP: Hash tables configured (established 131072 bind 65536)
Apr 23 09:32:36 matebook-e-go kernel: [    0.032375] UDP hash table entries: 8192 (order: 6, 262144 bytes, linear)
Apr 23 09:32:36 matebook-e-go kernel: [    0.032430] UDP-Lite hash table entries: 8192 (order: 6, 262144 bytes, linear)
Apr 23 09:32:36 matebook-e-go sensors[1423]: cluster0_thermal-virtual-0
Apr 23 09:32:36 matebook-e-go sensors[1423]: Adapter: Virtual device
Apr 23 09:32:36 matebook-e-go kernel: [    0.032518] NET: Registered PF_UNIX/PF_LOCAL protocol family
Apr 23 09:32:36 matebook-e-go kernel: [    0.032533] PCI: CLS 0 bytes, default 64
Apr 23 09:32:36 matebook-e-go kernel: [    0.032602] Unpacking initramfs...
Apr 23 09:32:36 matebook-e-go kernel: [    0.033073] Initialise system trusted keyrings
Apr 23 09:32:36 matebook-e-go kernel: [    0.033116] workingset: timestamp_bits=42 max_order=22 bucket_order=0
Apr 23 09:32:36 matebook-e-go kernel: [    0.059776] Key type asymmetric registered
Apr 23 09:32:36 matebook-e-go sensors[1423]: temp1:        +31.4°C
Apr 23 09:32:36 matebook-e-go sensors[1423]: cpu6_thermal-virtual-0
Apr 23 09:32:36 matebook-e-go kernel: [    0.059781] Asymmetric key parser 'x509' registered
Apr 23 09:32:36 matebook-e-go sensors[1423]: Adapter: Virtual device
Apr 23 09:32:36 matebook-e-go kernel: [    0.059799] Block layer SCSI generic (bsg) driver version 0.4 loaded (major 251)
Apr 23 09:32:36 matebook-e-go kernel: [    0.059805] io scheduler mq-deadline registered
Apr 23 09:32:36 matebook-e-go kernel: [    0.059810] io scheduler kyber registered
Apr 23 09:32:36 matebook-e-go sensors[1423]: temp1:        +30.4°C
Apr 23 09:32:36 matebook-e-go kernel: [    0.067616] loop: module loaded
Apr 23 09:32:36 matebook-e-go kernel: [    0.067738] spmi spmi-0: PMIC arbiter version v5 (0x50020000)
Apr 23 09:32:36 matebook-e-go kernel: [    0.075074] tun: Universal TUN/TAP device driver, 1.6
Apr 23 09:32:36 matebook-e-go kernel: [    0.075327] usbcore: registered new interface driver usb-storage
Apr 23 09:32:36 matebook-e-go sensors[1423]: qcom_battmgr_bat-virtual-0
Apr 23 09:32:36 matebook-e-go kernel: [    0.079689] ledtrig-cpu: registered to indicate activity on CPUs
Apr 23 09:32:36 matebook-e-go kernel: [    0.079935] efifb: invalid framebuffer address
Apr 23 09:32:36 matebook-e-go kernel: [    0.080048] usbcore: registered new interface driver usbhid
Apr 23 09:32:36 matebook-e-go kernel: [    0.080054] usbhid: USB HID core driver
Apr 23 09:32:36 matebook-e-go sensors[1423]: Adapter: Virtual device
Apr 23 09:32:36 matebook-e-go kernel: [    0.080374] hw perfevents: enabled with armv8_pmuv3 PMU driver, 7 counters available
Apr 23 09:32:36 matebook-e-go kernel: [    0.080985] NET: Registered PF_PACKET protocol family
Apr 23 09:32:36 matebook-e-go kernel: [    0.082617] registered taskstats version 1
Apr 23 09:32:36 matebook-e-go sensors[1423]: temp1:            N/A
Apr 23 09:32:36 matebook-e-go kernel: [    0.082693] Loading compiled-in X.509 certificates
Apr 23 09:32:36 matebook-e-go kernel: [    0.088547] platform 18200000.rsc:regulators-0: Fixed dependency cycle(s) with /soc@0/rsc@18200000/regulators-0/smps11
Apr 23 09:32:36 matebook-e-go kernel: [    0.088564] platform 18200000.rsc:regulators-0: Fixed dependency cycle(s) with /soc@0/rsc@18200000/regulators-0/smps12
Apr 23 09:32:36 matebook-e-go sensors[1423]: cpu4_thermal-virtual-0
Apr 23 09:32:36 matebook-e-go kernel: [    0.088663] platform 18200000.rsc:regulators-1: Fixed dependency cycle(s) with /soc@0/rsc@18200000/regulators-0/smps11
Apr 23 09:32:36 matebook-e-go kernel: [    0.088670] platform 18200000.rsc:regulators-1: Fixed dependency cycle(s) with /soc@0/rsc@18200000/regulators-1/bob
Apr 23 09:32:36 matebook-e-go kernel: [    0.088675] platform 18200000.rsc:regulators-1: Fixed dependency cycle(s) with /soc@0/rsc@18200000/regulators-1/smps1
Apr 23 09:32:36 matebook-e-go sensors[1423]: Adapter: Virtual device
Apr 23 09:32:36 matebook-e-go kernel: [    0.089106] vreg_s10b: Setting 1800000-1800000uV
Apr 23 09:32:36 matebook-e-go kernel: [    0.089120] vreg_s1c: Setting 1880000-1900000uV
Apr 23 09:32:36 matebook-e-go kernel: [    0.089751] vreg_s11b: Setting 1272000-1272000uV
Apr 23 09:32:36 matebook-e-go sensors[1423]: temp1:        +30.4°C
Apr 23 09:32:36 matebook-e-go kernel: [    0.089784] vreg_l1c: Setting 1800000-1800000uV
Apr 23 09:32:36 matebook-e-go kernel: [    0.090056] vreg_l8c: Setting 1800000-1800000uV
Apr 23 09:32:36 matebook-e-go kernel: [    0.090314] vreg_l12c: Setting 1800000-1800000uV
Apr 23 09:32:36 matebook-e-go sensors[1423]: cpu2_thermal-virtual-0
Apr 23 09:32:36 matebook-e-go kernel: [    0.090564] vreg_s12b: Setting 984000-984000uV
Apr 23 09:32:36 matebook-e-go kernel: [    0.090598] vreg_l13c: Setting 3072000-3072000uV
Apr 23 09:32:36 matebook-e-go kernel: [    0.090865] vreg_bob: Setting 3008000-3960000uV
Apr 23 09:32:36 matebook-e-go sensors[1423]: Adapter: Virtual device
Apr 23 09:32:36 matebook-e-go kernel: [    0.091379] vreg_l1b: Setting 912000-912000uV
Apr 23 09:32:36 matebook-e-go kernel: [    0.091741] vreg_l3b: Setting 1200000-1200000uV
Apr 23 09:32:36 matebook-e-go kernel: [    0.092760] vreg_l4b: Setting 912000-912000uV
Apr 23 09:32:36 matebook-e-go sensors[1423]: temp1:        +30.1°C
Apr 23 09:32:36 matebook-e-go kernel: [    0.093120] vreg_l6b: Setting 880000-880000uV
Apr 23 09:32:36 matebook-e-go kernel: [    0.182059] qcom_scm: convention: smc arm 64
Apr 23 09:32:36 matebook-e-go kernel: [    0.182171] qcom_scm firmware:scm: qseecom: found qseecom with version 0x1402000
Apr 23 09:32:36 matebook-e-go kernel: [    0.182180] qcom_scm firmware:scm: qseecom: untested device, skipping
Apr 23 09:32:36 matebook-e-go sensors[1423]: skin_temp_thermal-virtual-0
Apr 23 09:32:36 matebook-e-go kernel: [    0.182404] vreg_l2d: Setting 3072000-3072000uV
Apr 23 09:32:36 matebook-e-go kernel: [    0.182570] vreg_l3d: Setting 1200000-1200000uV
Apr 23 09:32:36 matebook-e-go kernel: [    0.182862] arm-smmu 3da0000.iommu: probing hardware configuration...
Apr 23 09:32:36 matebook-e-go kernel: [    0.182874] arm-smmu 3da0000.iommu: SMMUv2 with:
Apr 23 09:32:36 matebook-e-go sensors[1423]: Adapter: Virtual device
Apr 23 09:32:36 matebook-e-go kernel: [    0.182897] arm-smmu 3da0000.iommu: 	stage 1 translation
Apr 23 09:32:36 matebook-e-go kernel: [    0.182900] arm-smmu 3da0000.iommu: 	coherent table walk
Apr 23 09:32:36 matebook-e-go kernel: [    0.182904] arm-smmu 3da0000.iommu: 	stream matching with 9 register groups
Apr 23 09:32:36 matebook-e-go kernel: [    0.182920] arm-smmu 3da0000.iommu: 	7 context banks (0 stage-2 only)
Apr 23 09:32:36 matebook-e-go kernel: [    0.182936] arm-smmu 3da0000.iommu: 	Supported page sizes: 0x61311000
Apr 23 09:32:36 matebook-e-go sensors[1423]: temp1:        +27.1°C
Apr 23 09:32:36 matebook-e-go kernel: [    0.182938] arm-smmu 3da0000.iommu: 	Stage-1: 48-bit VA -> 36-bit IPA
Apr 23 09:32:36 matebook-e-go kernel: [    0.183065] arm-smmu 3da0000.iommu: 	preserved 0 boot mappings
Apr 23 09:32:36 matebook-e-go kernel: [    0.183090] vreg_l4d: Setting 1200000-1200000uV
Apr 23 09:32:36 matebook-e-go sensors[1423]: cpu0_thermal-virtual-0
Apr 23 09:32:36 matebook-e-go kernel: [    0.183720] vreg_l6d: Setting 880000-880000uV
Apr 23 09:32:36 matebook-e-go kernel: [    0.184623] vreg_l7d: Setting 3072000-3072000uV
Apr 23 09:32:36 matebook-e-go kernel: [    0.184635] arm-smmu 15000000.iommu: probing hardware configuration...
Apr 23 09:32:36 matebook-e-go kernel: [    0.184647] arm-smmu 15000000.iommu: SMMUv2 with:
Apr 23 09:32:36 matebook-e-go sensors[1423]: Adapter: Virtual device
Apr 23 09:32:36 matebook-e-go kernel: [    0.184656] arm-smmu 15000000.iommu: 	stage 1 translation
Apr 23 09:32:36 matebook-e-go kernel: [    0.184658] arm-smmu 15000000.iommu: 	non-coherent table walk
Apr 23 09:32:36 matebook-e-go kernel: [    0.184661] arm-smmu 15000000.iommu: 	(IDR0.CTTW overridden by FW configuration)
Apr 23 09:32:36 matebook-e-go kernel: [    0.184665] arm-smmu 15000000.iommu: 	stream matching with 162 register groups
Apr 23 09:32:36 matebook-e-go sensors[1423]: temp1:        +30.1°C
Apr 23 09:32:36 matebook-e-go kernel: [    0.184671] arm-smmu 15000000.iommu: 	110 context banks (0 stage-2 only)
Apr 23 09:32:36 matebook-e-go kernel: [    0.184681] arm-smmu 15000000.iommu: 	Limiting the stream matching groups to 128
Apr 23 09:32:36 matebook-e-go kernel: [    0.185002] arm-smmu 15000000.iommu: 	Supported page sizes: 0x61311000
Apr 23 09:32:36 matebook-e-go kernel: [    0.185005] arm-smmu 15000000.iommu: 	Stage-1: 36-bit VA -> 36-bit IPA
Apr 23 09:32:36 matebook-e-go sensors[1423]: pm8280_1_thermal-virtual-0
Apr 23 09:32:36 matebook-e-go kernel: [    0.185065] arm-smmu 15000000.iommu: 	preserved 0 boot mappings
Apr 23 09:32:36 matebook-e-go kernel: [    0.185602] vreg_l8d: Setting 912000-912000uV
Apr 23 09:32:36 matebook-e-go kernel: [    0.186173] adreno 3d00000.gpu: Adding to iommu group 0
Apr 23 09:32:36 matebook-e-go kernel: [    0.186331] msm-mdss ae00000.display-subsystem: Adding to iommu group 1
Apr 23 09:32:36 matebook-e-go kernel: [    0.186560] vreg_l9d: Setting 912000-912000uV
Apr 23 09:32:36 matebook-e-go sensors[1423]: Adapter: Virtual device
Apr 23 09:32:36 matebook-e-go kernel: [    0.187565] vreg_l10d: Setting 912000-912000uV
Apr 23 09:32:36 matebook-e-go kernel: [    0.213307] platform ae90000.displayport-controller: Fixed dependency cycle(s) with /soc@0/phy@88eb000/ports/port@2/endpoint
Apr 23 09:32:36 matebook-e-go kernel: [    0.213324] platform ae90000.displayport-controller: Fixed dependency cycle(s) with /soc@0/display-subsystem@ae00000/display-controller@ae01000/ports/port@2/endpoint
Apr 23 09:32:36 matebook-e-go sensors[1423]: temp1:        +37.0°C
Apr 23 09:32:36 matebook-e-go kernel: [    0.213349] platform ae90000.displayport-controller: Fixed dependency cycle(s) with /soc@0/phy@88eb000
Apr 23 09:32:36 matebook-e-go kernel: [    0.214555] platform ae94000.dsi: Fixed dependency cycle(s) with /soc@0/display-subsystem@ae00000/dsi@ae94000/panel@0/port/endpoint
Apr 23 09:32:36 matebook-e-go kernel: [    0.214567] platform ae94000.dsi: Fixed dependency cycle(s) with /soc@0/display-subsystem@ae00000/display-controller@ae01000/ports/port@0/endpoint
Apr 23 09:32:36 matebook-e-go sensors[1423]: mem_thermal-virtual-0
Apr 23 09:32:36 matebook-e-go kernel: [    0.219836] msm_dsi_phy ae94400.phy: supply vdds not found, using dummy regulator
Apr 23 09:32:36 matebook-e-go kernel: [    0.220632] platform ae98000.displayport-controller: Fixed dependency cycle(s) with /soc@0/phy@8903000/ports/port@2/endpoint
Apr 23 09:32:36 matebook-e-go kernel: [    0.220648] platform ae98000.displayport-controller: Fixed dependency cycle(s) with /soc@0/display-subsystem@ae00000/display-controller@ae01000/ports/port@4/endpoint
Apr 23 09:32:36 matebook-e-go sensors[1423]: Adapter: Virtual device
Apr 23 09:32:36 matebook-e-go kernel: [    0.220668] platform ae98000.displayport-controller: Fixed dependency cycle(s) with /soc@0/phy@8903000
Apr 23 09:32:36 matebook-e-go kernel: [    0.223709] clk_calc_new_rates: now calc clk: gcc_usb30_mp_master_clk, its parent clk: gcc_usb30_mp_master_clk_src, its rate: 19200000, its req_rate:200000000
Apr 23 09:32:36 matebook-e-go kernel: [    0.223721] clk_calc_new_rates: pixel clock from 0 to 18446744073709551615
Apr 23 09:32:36 matebook-e-go kernel: [    0.223741] clk_calc_new_rates: gcc_usb30_mp_master_clk pass-through clock with adjustable parent
Apr 23 09:32:36 matebook-e-go sensors[1423]: temp1:        +30.5°C
Apr 23 09:32:36 matebook-e-go kernel: [    0.223747] clk_calc_new_rates: now calc clk: gcc_usb30_mp_master_clk_src, its parent clk: bi_tcxo, its rate: 19200000, its req_rate:200000000
Apr 23 09:32:36 matebook-e-go kernel: [    0.223751] clk_calc_new_rates: pixel clock from 0 to 18446744073709551615
Apr 23 09:32:36 matebook-e-go kernel: [    0.223758] clk_calc_new_rates: gcc_usb30_mp_master_clk_src clk_core_can_round is TRUE
Apr 23 09:32:36 matebook-e-go sensors[1423]: cpu7_thermal-virtual-0
Apr 23 09:32:36 matebook-e-go kernel: [    0.223760] clk_calc_new_rates: gcc_usb30_mp_master_clk_src new rate is 200000000, req.rate is 200000000 and parent is gcc_gpll0
Apr 23 09:32:36 matebook-e-go kernel: [    0.235231] clk_calc_new_rates: now calc clk: gcc_usb30_prim_master_clk, its parent clk: gcc_usb30_prim_master_clk_src, its rate: 19200000, its req_rate:200000000
Apr 23 09:32:36 matebook-e-go kernel: [    0.235240] clk_calc_new_rates: pixel clock from 0 to 18446744073709551615
Apr 23 09:32:36 matebook-e-go kernel: [    0.235243] clk_calc_new_rates: gcc_usb30_prim_master_clk pass-through clock with adjustable parent
Apr 23 09:32:36 matebook-e-go sensors[1423]: Adapter: Virtual device
Apr 23 09:32:36 matebook-e-go sensors[1423]: temp1:        +30.7°C
Apr 23 09:32:36 matebook-e-go sensors[1423]: qcom_battmgr_bat-virtual-0
Apr 23 09:32:36 matebook-e-go sensors[1423]: Adapter: Virtual device
Apr 23 09:32:36 matebook-e-go sensors[1423]: temp:             N/A
Apr 23 09:32:36 matebook-e-go sensors[1423]: cpu5_thermal-virtual-0
Apr 23 09:32:36 matebook-e-go sensors[1423]: Adapter: Virtual device
Apr 23 09:32:36 matebook-e-go sensors[1423]: temp1:        +30.1°C
Apr 23 09:32:36 matebook-e-go sensors[1423]: cpu3_thermal-virtual-0
Apr 23 09:32:36 matebook-e-go sensors[1423]: Adapter: Virtual device
Apr 23 09:32:36 matebook-e-go kernel: [    0.235245] clk_calc_new_rates: now calc clk: gcc_usb30_prim_master_clk_src, its parent clk: bi_tcxo, its rate: 19200000, its req_rate:200000000
Apr 23 09:32:36 matebook-e-go sensors[1423]: temp1:        +30.4°C
Apr 23 09:32:36 matebook-e-go kernel: [    0.235249] clk_calc_new_rates: pixel clock from 0 to 18446744073709551615
Apr 23 09:32:36 matebook-e-go kernel: [    0.235251] clk_calc_new_rates: gcc_usb30_prim_master_clk_src clk_core_can_round is TRUE
Apr 23 09:32:36 matebook-e-go kernel: [    0.235254] clk_calc_new_rates: gcc_usb30_prim_master_clk_src new rate is 200000000, req.rate is 200000000 and parent is gcc_gpll0
Apr 23 09:32:36 matebook-e-go sensors[1423]: ath11k_hwmon-pci-60100
Apr 23 09:32:36 matebook-e-go kernel: [    0.242093] clk_calc_new_rates: now calc clk: gcc_usb30_sec_master_clk, its parent clk: gcc_usb30_sec_master_clk_src, its rate: 19200000, its req_rate:200000000
Apr 23 09:32:36 matebook-e-go sensors[1423]: Adapter: PCI adapter
Apr 23 09:32:36 matebook-e-go kernel: [    0.242103] clk_calc_new_rates: pixel clock from 0 to 18446744073709551615
Apr 23 09:32:36 matebook-e-go kernel: [    0.242106] clk_calc_new_rates: gcc_usb30_sec_master_clk pass-through clock with adjustable parent
Apr 23 09:32:36 matebook-e-go sensors[1423]: temp1:            N/A
Apr 23 09:32:36 matebook-e-go kernel: [    0.242109] clk_calc_new_rates: now calc clk: gcc_usb30_sec_master_clk_src, its parent clk: bi_tcxo, its rate: 19200000, its req_rate:200000000
Apr 23 09:32:36 matebook-e-go kernel: [    0.242112] clk_calc_new_rates: pixel clock from 0 to 18446744073709551615
Apr 23 09:32:36 matebook-e-go kernel: [    0.242114] clk_calc_new_rates: gcc_usb30_sec_master_clk_src clk_core_can_round is TRUE
Apr 23 09:32:36 matebook-e-go kernel: [    0.242117] clk_calc_new_rates: gcc_usb30_sec_master_clk_src new rate is 200000000, req.rate is 200000000 and parent is gcc_gpll0
Apr 23 09:32:36 matebook-e-go sensors[1423]: cpu1_thermal-virtual-0
Apr 23 09:32:36 matebook-e-go sensors[1423]: Adapter: Virtual device
Apr 23 09:32:36 matebook-e-go kernel: [    0.248058] geni_se_qup 8c0000.geniqup: Adding to iommu group 2
Apr 23 09:32:36 matebook-e-go kernel: [    0.248316] geni_se_qup 9c0000.geniqup: Adding to iommu group 3
Apr 23 09:32:36 matebook-e-go kernel: [    0.250383] 988000.serial: ttyHS1 at MMIO 0x988000 (irq = 189, base_baud = 0) is a MSM
Apr 23 09:32:36 matebook-e-go sensors[1423]: temp1:        +30.7°C
Apr 23 09:32:36 matebook-e-go kernel: [    0.253533] serial serial0: tty port ttyHS1 registered
Apr 23 09:32:36 matebook-e-go kernel: [    0.254017] geni_se_qup ac0000.geniqup: Adding to iommu group 4
Apr 23 09:32:36 matebook-e-go kernel: [    0.255137] dsi_get_config: msm_clk_get is ok!
Apr 23 09:32:36 matebook-e-go systemd[1]: Finished Initialize hardware monitoring sensors.
Apr 23 09:32:36 matebook-e-go kernel: [    0.255149] dsi_get_config: clk_prepare_enable is ok!
Apr 23 09:32:36 matebook-e-go kernel: [    0.255156] dsi_get_config: dsi_get_version is ok! Version 3:20050001
Apr 23 09:32:36 matebook-e-go loadcpufreq[1375]:    ...done.
Apr 23 09:32:36 matebook-e-go kernel: [    0.255179] msm_dsi ae94000.dsi: supply vdda not found, using dummy regulator
Apr 23 09:32:36 matebook-e-go kernel: [    0.255453] mipi-dsi ae94000.dsi.0: Fixed dependency cycle(s) with /soc@0/display-subsystem@ae00000/dsi@ae94000/ports/port@1/endpoint
Apr 23 09:32:36 matebook-e-go kernel: [    0.257128] PM: genpd: Not disabling unused power domains
Apr 23 09:32:36 matebook-e-go kernel: [    0.258266] input: gpio-keys as /devices/platform/gpio-keys/input/input0
Apr 23 09:32:36 matebook-e-go kernel: [    0.259029] clk: Not disabling unused clocks
Apr 23 09:32:36 matebook-e-go systemd[1]: Started LSB: Load kernel modules needed to enable cpufreq scaling.
Apr 23 09:32:36 matebook-e-go kernel: [    0.725746] Freeing initrd memory: 24996K
Apr 23 09:32:36 matebook-e-go systemd[1]: Starting LSB: set CPUFreq kernel parameters...
Apr 23 09:32:36 matebook-e-go kernel: [    0.726764] Freeing unused kernel memory: 2048K
Apr 23 09:32:36 matebook-e-go kernel: [    0.736267] Run /init as init process
Apr 23 09:32:36 matebook-e-go kernel: [    0.736298]   with arguments:
Apr 23 09:32:36 matebook-e-go kernel: [    0.736308]     /init
Apr 23 09:32:36 matebook-e-go kernel: [    0.736314]     splash
Apr 23 09:32:36 matebook-e-go cron[1364]: (CRON) INFO (Running @reboot jobs)
Apr 23 09:32:36 matebook-e-go kernel: [    0.736321]   with environment:
Apr 23 09:32:36 matebook-e-go kernel: [    0.736327]     HOME=/
Apr 23 09:32:36 matebook-e-go dbus-daemon[1365]: dbus[1365]: Unknown username "whoopsie" in message bus configuration file
Apr 23 09:32:36 matebook-e-go kernel: [    0.736331]     TERM=linux
Apr 23 09:32:36 matebook-e-go kernel: [    0.736336]     BOOT_IMAGE=/boot/vmlinuz-6.4.13-sc8280xp-arm64
Apr 23 09:32:36 matebook-e-go kernel: [    0.823494] NET: Registered PF_QIPCRTR protocol family
Apr 23 09:32:36 matebook-e-go kernel: [    0.825117] clk_calc_new_rates: now calc clk: gcc_pcie4_phy_rchng_clk, its parent clk: gcc_pcie_4_phy_rchng_clk_src, its rate: 19200000, its req_rate:100000000
Apr 23 09:32:36 matebook-e-go kernel: [    0.825130] clk_calc_new_rates: pixel clock from 0 to 18446744073709551615
Apr 23 09:32:36 matebook-e-go systemd[1]: Finished Resets System Activity Logs.
Apr 23 09:32:36 matebook-e-go kernel: [    0.825133] clk_calc_new_rates: gcc_pcie4_phy_rchng_clk pass-through clock with adjustable parent
Apr 23 09:32:36 matebook-e-go kernel: [    0.825137] clk_calc_new_rates: now calc clk: gcc_pcie_4_phy_rchng_clk_src, its parent clk: bi_tcxo, its rate: 19200000, its req_rate:100000000
Apr 23 09:32:36 matebook-e-go kernel: [    0.825141] clk_calc_new_rates: pixel clock from 0 to 18446744073709551615
Apr 23 09:32:36 matebook-e-go kernel: [    0.825144] clk_calc_new_rates: gcc_pcie_4_phy_rchng_clk_src clk_core_can_round is TRUE
Apr 23 09:32:36 matebook-e-go kernel: [    0.825147] clk_calc_new_rates: gcc_pcie_4_phy_rchng_clk_src new rate is 100000000, req.rate is 100000000 and parent is gcc_gpll0_out_even
Apr 23 09:32:36 matebook-e-go kernel: [    0.825610] clk_calc_new_rates: now calc clk: gcc_pcie3a_phy_rchng_clk, its parent clk: gcc_pcie_3a_phy_rchng_clk_src, its rate: 19200000, its req_rate:100000000
Apr 23 09:32:36 matebook-e-go kernel: [    0.825617] clk_calc_new_rates: pixel clock from 0 to 18446744073709551615
Apr 23 09:32:36 matebook-e-go kernel: [    0.825620] clk_calc_new_rates: gcc_pcie3a_phy_rchng_clk pass-through clock with adjustable parent
Apr 23 09:32:36 matebook-e-go kernel: [    0.825623] clk_calc_new_rates: now calc clk: gcc_pcie_3a_phy_rchng_clk_src, its parent clk: bi_tcxo, its rate: 19200000, its req_rate:100000000
Apr 23 09:32:36 matebook-e-go kernel: [    0.825626] clk_calc_new_rates: pixel clock from 0 to 18446744073709551615
Apr 23 09:32:36 matebook-e-go kernel: [    0.825629] clk_calc_new_rates: gcc_pcie_3a_phy_rchng_clk_src clk_core_can_round is TRUE
Apr 23 09:32:36 matebook-e-go kernel: [    0.825631] clk_calc_new_rates: gcc_pcie_3a_phy_rchng_clk_src new rate is 100000000, req.rate is 100000000 and parent is gcc_gpll0_out_even
Apr 23 09:32:36 matebook-e-go kernel: [    0.825926] clk_calc_new_rates: now calc clk: gcc_pcie2a_phy_rchng_clk, its parent clk: gcc_pcie_2a_phy_rchng_clk_src, its rate: 19200000, its req_rate:100000000
Apr 23 09:32:36 matebook-e-go kernel: [    0.825930] clk_calc_new_rates: pixel clock from 0 to 18446744073709551615
Apr 23 09:32:36 matebook-e-go kernel: [    0.825933] clk_calc_new_rates: gcc_pcie2a_phy_rchng_clk pass-through clock with adjustable parent
Apr 23 09:32:36 matebook-e-go kernel: [    0.825936] clk_calc_new_rates: now calc clk: gcc_pcie_2a_phy_rchng_clk_src, its parent clk: bi_tcxo, its rate: 19200000, its req_rate:100000000
Apr 23 09:32:36 matebook-e-go kernel: [    0.825940] clk_calc_new_rates: pixel clock from 0 to 18446744073709551615
Apr 23 09:32:36 matebook-e-go kernel: [    0.825942] clk_calc_new_rates: gcc_pcie_2a_phy_rchng_clk_src clk_core_can_round is TRUE
Apr 23 09:32:36 matebook-e-go systemd[1]: Started LSB: set CPUFreq kernel parameters.
Apr 23 09:32:36 matebook-e-go kernel: [    0.825945] clk_calc_new_rates: gcc_pcie_2a_phy_rchng_clk_src new rate is 100000000, req.rate is 100000000 and parent is gcc_gpll0_out_even
Apr 23 09:32:36 matebook-e-go kernel: [    0.826677] qcom-pcie 1c00000.pcie: supply vdda not found, using dummy regulator
Apr 23 09:32:36 matebook-e-go systemd[1]: Starting LSB: Set sysfs variables from /etc/sysfs.conf...
Apr 23 09:32:36 matebook-e-go kernel: [    0.826830] qcom-pcie 1c00000.pcie: host bridge /soc@0/pcie@1c00000 ranges:
Apr 23 09:32:36 matebook-e-go sysfsutils[1451]:  * Setting sysfs variables......
Apr 23 09:32:36 matebook-e-go kernel: [    0.826841] qcom-pcie 1c00000.pcie:       IO 0x0030200000..0x00302fffff -> 0x0000000000
Apr 23 09:32:36 matebook-e-go sysfsutils[1451]:    ...done.
Apr 23 09:32:36 matebook-e-go kernel: [    0.826849] qcom-pcie 1c00000.pcie:      MEM 0x0030300000..0x0031ffffff -> 0x0030300000
Apr 23 09:32:36 matebook-e-go kernel: [    0.827338] qcom-pcie 1c20000.pcie: supply vdda not found, using dummy regulator
Apr 23 09:32:36 matebook-e-go kernel: [    0.827365] qcom-pcie 1c10000.pcie: supply vdda not found, using dummy regulator
Apr 23 09:32:36 matebook-e-go systemd[1]: Started LSB: Set sysfs variables from /etc/sysfs.conf.
Apr 23 09:32:36 matebook-e-go kernel: [    0.827481] remoteproc remoteproc0: 3000000.remoteproc is available
Apr 23 09:32:36 matebook-e-go kernel: [    0.827554] qcom-pcie 1c20000.pcie: host bridge /soc@0/pcie@1c20000 ranges:
Apr 23 09:32:36 matebook-e-go kernel: [    0.827608] qcom-pcie 1c20000.pcie:       IO 0x003c200000..0x003c2fffff -> 0x0000000000
Apr 23 09:32:36 matebook-e-go bluetoothd[1363]: Bluetooth daemon 5.64
Apr 23 09:32:36 matebook-e-go kernel: [    0.827614] qcom-pcie 1c20000.pcie:      MEM 0x003c300000..0x003dffffff -> 0x003c300000
Apr 23 09:32:36 matebook-e-go kernel: [    0.827751] qcom-snps-hs-femto-v2-phy 88e7000.phy: supply vdda-pll not found, using dummy regulator
Apr 23 09:32:36 matebook-e-go kernel: [    0.827760] qcom-pcie 1c10000.pcie: host bridge /soc@0/pcie@1c10000 ranges:
Apr 23 09:32:36 matebook-e-go udisksd[1387]: udisks daemon version 2.9.4 starting
Apr 23 09:32:36 matebook-e-go kernel: [    0.827778] qcom-pcie 1c10000.pcie:       IO 0x0034200000..0x00342fffff -> 0x0000000000
Apr 23 09:32:36 matebook-e-go kernel: [    0.827787] qcom-pcie 1c10000.pcie:      MEM 0x0034300000..0x0035ffffff -> 0x0034300000
Apr 23 09:32:36 matebook-e-go kernel: [    0.827789] qcom-snps-hs-femto-v2-phy 88e7000.phy: supply vdda33 not found, using dummy regulator
Apr 23 09:32:36 matebook-e-go kernel: [    0.827801] qcom-snps-hs-femto-v2-phy 88e7000.phy: supply vdda18 not found, using dummy regulator
Apr 23 09:32:36 matebook-e-go rsyslogd: imuxsock: Acquired UNIX socket '/run/systemd/journal/syslog' (fd 3) from systemd.  [v8.2112.0]
Apr 23 09:32:36 matebook-e-go kernel: [    0.827866] qcom-snps-hs-femto-v2-phy 88e8000.phy: supply vdda-pll not found, using dummy regulator
Apr 23 09:32:36 matebook-e-go kernel: [    0.827908] qcom-snps-hs-femto-v2-phy 88e8000.phy: supply vdda33 not found, using dummy regulator
Apr 23 09:32:36 matebook-e-go kernel: [    0.827921] qcom-snps-hs-femto-v2-phy 88e8000.phy: supply vdda18 not found, using dummy regulator
Apr 23 09:32:36 matebook-e-go kernel: [    0.827981] qcom-snps-hs-femto-v2-phy 88e9000.phy: supply vdda-pll not found, using dummy regulator
Apr 23 09:32:36 matebook-e-go rsyslogd: rsyslogd's groupid changed to 105
Apr 23 09:32:36 matebook-e-go kernel: [    0.828044] qcom-snps-hs-femto-v2-phy 88e9000.phy: supply vdda33 not found, using dummy regulator
Apr 23 09:32:36 matebook-e-go kernel: [    0.828058] qcom-snps-hs-femto-v2-phy 88e9000.phy: supply vdda18 not found, using dummy regulator
Apr 23 09:32:36 matebook-e-go kernel: [    0.828540] qcom-qmp-usb-phy 88ef000.phy: supply vdda-phy not found, using dummy regulator
Apr 23 09:32:36 matebook-e-go systemd[1]: Started System Logging Service.
Apr 23 09:32:36 matebook-e-go kernel: [    0.828550] qcom-snps-hs-femto-v2-phy 88ea000.phy: supply vdda-pll not found, using dummy regulator
Apr 23 09:32:36 matebook-e-go kernel: [    0.828601] qcom-qmp-usb-phy 88ef000.phy: supply vdda-pll not found, using dummy regulator
Apr 23 09:32:36 matebook-e-go kernel: [    0.828628] qcom-snps-hs-femto-v2-phy 88ea000.phy: supply vdda33 not found, using dummy regulator
Apr 23 09:32:36 matebook-e-go kernel: [    0.828646] qcom-snps-hs-femto-v2-phy 88ea000.phy: supply vdda18 not found, using dummy regulator
Apr 23 09:32:36 matebook-e-go kernel: [    0.828890] qcom-qmp-usb-phy 88f1000.phy: supply vdda-phy not found, using dummy regulator
Apr 23 09:32:36 matebook-e-go rsyslogd: rsyslogd's userid changed to 103
Apr 23 09:32:36 matebook-e-go kernel: [    0.828966] qcom-qmp-usb-phy 88f1000.phy: supply vdda-pll not found, using dummy regulator
Apr 23 09:32:36 matebook-e-go kernel: [    0.829476] remoteproc remoteproc1: 1b300000.remoteproc is available
Apr 23 09:32:36 matebook-e-go rsyslogd: [origin software="rsyslogd" swVersion="8.2112.0" x-pid="1379" x-info="https://www.rsyslog.com"] start
Apr 23 09:32:36 matebook-e-go kernel: [    0.829655] dwc3 a400000.usb: Adding to iommu group 5
Apr 23 09:32:36 matebook-e-go kernel: [    0.830033] qcom_pmic_glink pmic-glink: Failed to create device link (0x180) with 88eb000.phy
Apr 23 09:32:36 matebook-e-go kernel: [    0.830498] qcom_pmic_glink pmic-glink: Failed to create device link (0x180) with 8903000.phy
Apr 23 09:32:36 matebook-e-go kernel: [    0.833910] remoteproc remoteproc1: powering up 1b300000.remoteproc
Apr 23 09:32:36 matebook-e-go kernel: [    0.835119] xhci-hcd xhci-hcd.0.auto: xHCI Host Controller
Apr 23 09:32:36 matebook-e-go kernel: [    0.835130] xhci-hcd xhci-hcd.0.auto: new USB bus registered, assigned bus number 1
Apr 23 09:32:36 matebook-e-go kernel: [    0.835269] xhci-hcd xhci-hcd.0.auto: hcc params 0x0120ffe5 hci version 0x110 quirks 0x0000000000000010
Apr 23 09:32:36 matebook-e-go kernel: [    0.835285] xhci-hcd xhci-hcd.0.auto: irq 204, io mem 0x0a400000
Apr 23 09:32:36 matebook-e-go kernel: [    0.835343] xhci-hcd xhci-hcd.0.auto: xHCI Host Controller
Apr 23 09:32:36 matebook-e-go kernel: [    0.835347] xhci-hcd xhci-hcd.0.auto: new USB bus registered, assigned bus number 2
Apr 23 09:32:36 matebook-e-go kernel: [    0.835351] xhci-hcd xhci-hcd.0.auto: Host supports USB 3.1 Enhanced SuperSpeed
Apr 23 09:32:36 matebook-e-go kernel: [    0.835575] hub 1-0:1.0: USB hub found
Apr 23 09:32:36 matebook-e-go kernel: [    0.835596] hub 1-0:1.0: 4 ports detected
Apr 23 09:32:36 matebook-e-go kernel: [    0.835758] usb usb2: We don't know the algorithms for LPM for this host, disabling LPM.
Apr 23 09:32:36 matebook-e-go kernel: [    0.835891] hub 2-0:1.0: USB hub found
Apr 23 09:32:36 matebook-e-go kernel: [    0.835900] hub 2-0:1.0: 2 ports detected
Apr 23 09:32:36 matebook-e-go kernel: [    0.836068] qcom_pmic_glink pmic-glink: Failed to create device link (0x180) with usb0-sbu-mux
Apr 23 09:32:36 matebook-e-go kernel: [    0.836150] qcom_pmic_glink pmic-glink: Failed to create device link (0x180) with usb1-sbu-mux
Apr 23 09:32:36 matebook-e-go kernel: [    0.836805] dwc3 a600000.usb: Adding to iommu group 6
Apr 23 09:32:36 matebook-e-go kernel: [    0.837206] remoteproc remoteproc1: Booting fw image qcom/sc8280xp/LENOVO/21BX/qccdsp8280.mbn, size 3575808
Apr 23 09:32:36 matebook-e-go kernel: [    0.839490] xhci-hcd xhci-hcd.1.auto: xHCI Host Controller
Apr 23 09:32:36 matebook-e-go kernel: [    0.839499] xhci-hcd xhci-hcd.1.auto: new USB bus registered, assigned bus number 3
Apr 23 09:32:36 matebook-e-go kernel: [    0.841931] xhci-hcd xhci-hcd.1.auto: hcc params 0x0110ffc5 hci version 0x110 quirks 0x0000000000000010
Apr 23 09:32:36 matebook-e-go kernel: [    0.841946] xhci-hcd xhci-hcd.1.auto: irq 205, io mem 0x0a600000
Apr 23 09:32:36 matebook-e-go kernel: [    0.841995] xhci-hcd xhci-hcd.1.auto: xHCI Host Controller
Apr 23 09:32:36 matebook-e-go kernel: [    0.841999] xhci-hcd xhci-hcd.1.auto: new USB bus registered, assigned bus number 4
Apr 23 09:32:36 matebook-e-go kernel: [    0.842004] xhci-hcd xhci-hcd.1.auto: Host supports USB 3.1 Enhanced SuperSpeed
Apr 23 09:32:36 matebook-e-go kernel: [    0.842190] hub 3-0:1.0: USB hub found
Apr 23 09:32:36 matebook-e-go kernel: [    0.842207] hub 3-0:1.0: 1 port detected
Apr 23 09:32:36 matebook-e-go kernel: [    0.842322] usb usb4: We don't know the algorithms for LPM for this host, disabling LPM.
Apr 23 09:32:36 matebook-e-go kernel: [    0.842467] hub 4-0:1.0: USB hub found
Apr 23 09:32:36 matebook-e-go kernel: [    0.842479] hub 4-0:1.0: 1 port detected
Apr 23 09:32:36 matebook-e-go kernel: [    0.842570] qcom_pmic_glink pmic-glink: Failed to create device link (0x180) with a600000.usb
Apr 23 09:32:36 matebook-e-go kernel: [    0.842663] dwc3 a800000.usb: Adding to iommu group 7
Apr 23 09:32:36 matebook-e-go kernel: [    0.843748] remoteproc remoteproc0: powering up 3000000.remoteproc
Apr 23 09:32:36 matebook-e-go kernel: [    0.845466] xhci-hcd xhci-hcd.2.auto: xHCI Host Controller
Apr 23 09:32:36 matebook-e-go kernel: [    0.845474] xhci-hcd xhci-hcd.2.auto: new USB bus registered, assigned bus number 5
Apr 23 09:32:36 matebook-e-go kernel: [    0.847899] xhci-hcd xhci-hcd.2.auto: hcc params 0x0110ffc5 hci version 0x110 quirks 0x0000000000000010
Apr 23 09:32:36 matebook-e-go kernel: [    0.847914] xhci-hcd xhci-hcd.2.auto: irq 206, io mem 0x0a800000
Apr 23 09:32:36 matebook-e-go kernel: [    0.847959] xhci-hcd xhci-hcd.2.auto: xHCI Host Controller
Apr 23 09:32:36 matebook-e-go kernel: [    0.847963] xhci-hcd xhci-hcd.2.auto: new USB bus registered, assigned bus number 6
Apr 23 09:32:36 matebook-e-go kernel: [    0.847966] xhci-hcd xhci-hcd.2.auto: Host supports USB 3.1 Enhanced SuperSpeed
Apr 23 09:32:36 matebook-e-go kernel: [    0.848094] hub 5-0:1.0: USB hub found
Apr 23 09:32:36 matebook-e-go kernel: [    0.848101] hub 5-0:1.0: 1 port detected
Apr 23 09:32:36 matebook-e-go kernel: [    0.848160] usb usb6: We don't know the algorithms for LPM for this host, disabling LPM.
Apr 23 09:32:36 matebook-e-go kernel: [    0.848259] hub 6-0:1.0: USB hub found
Apr 23 09:32:36 matebook-e-go kernel: [    0.848265] hub 6-0:1.0: 1 port detected
Apr 23 09:32:36 matebook-e-go kernel: [    0.848321] qcom_pmic_glink pmic-glink: Failed to create device link (0x180) with a800000.usb
Apr 23 09:32:36 matebook-e-go kernel: [    0.849118] msm_dpu ae01000.display-controller: bound ae94000.dsi (ops 0xffffc9a1defd1710)
Apr 23 09:32:36 matebook-e-go kernel: [    0.849246] msm_dpu ae01000.display-controller: bound ae90000.displayport-controller (ops 0xffffc9a1defd05c0)
Apr 23 09:32:36 matebook-e-go kernel: [    0.849340] msm_dpu ae01000.display-controller: bound ae98000.displayport-controller (ops 0xffffc9a1defd05c0)
Apr 23 09:32:36 matebook-e-go kernel: [    0.849561] adreno 3d00000.gpu: supply vdd not found, using dummy regulator
Apr 23 09:32:36 matebook-e-go kernel: [    0.849595] adreno 3d00000.gpu: supply vddcx not found, using dummy regulator
Apr 23 09:32:36 matebook-e-go kernel: [    0.849631] adreno 3d00000.gpu: [drm:msm_devfreq_init] *ERROR* Couldn't register GPU cooling device
Apr 23 09:32:36 matebook-e-go kernel: [    0.850419] platform 3d6a000.gmu: Adding to iommu group 8
Apr 23 09:32:36 matebook-e-go kernel: [    0.855297] msm_dpu ae01000.display-controller: bound 3d00000.gpu (ops 0xffffc9a1defb8aa0)
Apr 23 09:32:36 matebook-e-go kernel: [    0.855472] clk_calc_new_rates: now calc clk: disp0_cc_mdss_mdp_clk, its parent clk: disp0_cc_mdss_mdp_clk_src, its rate: 19200000, its req_rate:600000000
Apr 23 09:32:36 matebook-e-go kernel: [    0.855478] clk_calc_new_rates: pixel clock from 0 to 18446744073709551615
Apr 23 09:32:36 matebook-e-go kernel: [    0.855481] clk_calc_new_rates: disp0_cc_mdss_mdp_clk pass-through clock with adjustable parent
Apr 23 09:32:36 matebook-e-go kernel: [    0.855484] clk_calc_new_rates: now calc clk: disp0_cc_mdss_mdp_clk_src, its parent clk: bi_tcxo, its rate: 19200000, its req_rate:600000000
Apr 23 09:32:36 matebook-e-go kernel: [    0.855488] clk_calc_new_rates: pixel clock from 0 to 18446744073709551615
Apr 23 09:32:36 matebook-e-go kernel: [    0.855490] clk_calc_new_rates: disp0_cc_mdss_mdp_clk_src clk_core_can_round is TRUE
Apr 23 09:32:36 matebook-e-go kernel: [    0.855492] clk_calc_new_rates: disp0_cc_mdss_mdp_clk_src new rate is 600000000, req.rate is 600000000 and parent is disp0_cc_pll1
Apr 23 09:32:36 matebook-e-go kernel: [    0.855759] [drm:dpu_kms_hw_init:1093] dpu hardware revision:0x80000000
Apr 23 09:32:36 matebook-e-go kernel: [    0.856593] [drm] Initialized msm 1.10.0 20130625 for ae01000.display-controller on minor 0
Apr 23 09:32:36 matebook-e-go kernel: [    0.856714] msm_dpu ae01000.display-controller: [drm:adreno_request_fw] loaded qcom/a660_sqe.fw from new location
Apr 23 09:32:36 matebook-e-go kernel: [    0.856799] msm_dpu ae01000.display-controller: [drm:adreno_request_fw] loaded qcom/a690_gmu.bin from new location
Apr 23 09:32:36 matebook-e-go kernel: [    0.856846] clk_calc_new_rates: now calc clk: gpu_cc_cx_gmu_clk, its parent clk: gpu_cc_gmu_clk_src, its rate: 19200000, its req_rate:200000000
Apr 23 09:32:36 matebook-e-go kernel: [    0.856850] clk_calc_new_rates: pixel clock from 0 to 18446744073709551615
Apr 23 09:32:36 matebook-e-go kernel: [    0.856853] clk_calc_new_rates: gpu_cc_cx_gmu_clk pass-through clock with adjustable parent
Apr 23 09:32:36 matebook-e-go kernel: [    0.856855] clk_calc_new_rates: now calc clk: gpu_cc_gmu_clk_src, its parent clk: bi_tcxo, its rate: 19200000, its req_rate:200000000
Apr 23 09:32:36 matebook-e-go kernel: [    0.856859] clk_calc_new_rates: pixel clock from 0 to 18446744073709551615
Apr 23 09:32:36 matebook-e-go kernel: [    0.856861] clk_calc_new_rates: gpu_cc_gmu_clk_src clk_core_can_round is TRUE
Apr 23 09:32:36 matebook-e-go kernel: [    0.856864] clk_calc_new_rates: gpu_cc_gmu_clk_src new rate is 200000000, req.rate is 200000000 and parent is gcc_gpu_gpll0_div_clk_src
Apr 23 09:32:36 matebook-e-go kernel: [    0.856886] remoteproc remoteproc0: Booting fw image qcom/sc8280xp/LENOVO/21BX/qcadsp8280.mbn, size 14367860
Apr 23 09:32:36 matebook-e-go kernel: [    0.856896] clk_calc_new_rates: now calc clk: gpu_cc_hub_cx_int_clk, its parent clk: gpu_cc_hub_cx_int_div_clk_src, its rate: 19200000, its req_rate:150000000
Apr 23 09:32:36 matebook-e-go kernel: [    0.856901] clk_calc_new_rates: pixel clock from 0 to 18446744073709551615
Apr 23 09:32:36 matebook-e-go kernel: [    0.856903] clk_calc_new_rates: gpu_cc_hub_cx_int_clk pass-through clock with adjustable parent
Apr 23 09:32:36 matebook-e-go kernel: [    0.856906] clk_calc_new_rates: now calc clk: gpu_cc_hub_cx_int_div_clk_src, its parent clk: gpu_cc_hub_clk_src, its rate: 19200000, its req_rate:150000000
Apr 23 09:32:36 matebook-e-go kernel: [    0.856909] clk_calc_new_rates: pixel clock from 0 to 18446744073709551615
Apr 23 09:32:36 matebook-e-go kernel: [    0.856912] clk_calc_new_rates: gpu_cc_hub_cx_int_div_clk_src clk_core_can_round is TRUE
Apr 23 09:32:36 matebook-e-go kernel: [    0.856915] clk_calc_new_rates: gpu_cc_hub_cx_int_div_clk_src new rate is 200000000, req.rate is 200000000 and parent is gpu_cc_hub_clk_src
Apr 23 09:32:36 matebook-e-go kernel: [    0.856919] clk_calc_new_rates: set gpu_cc_hub_cx_int_div_clk_src parent gpu_cc_hub_clk_src rate: 200000000
Apr 23 09:32:36 matebook-e-go kernel: [    0.856922] clk_calc_new_rates: now calc clk: gpu_cc_hub_clk_src, its parent clk: bi_tcxo, its rate: 19200000, its req_rate:200000000
Apr 23 09:32:36 matebook-e-go kernel: [    0.856925] clk_calc_new_rates: pixel clock from 0 to 18446744073709551615
Apr 23 09:32:36 matebook-e-go kernel: [    0.856927] clk_calc_new_rates: gpu_cc_hub_clk_src clk_core_can_round is TRUE
Apr 23 09:32:36 matebook-e-go kernel: [    0.856929] clk_calc_new_rates: gpu_cc_hub_clk_src new rate is 200000000, req.rate is 200000000 and parent is gcc_gpu_gpll0_clk_src
Apr 23 09:32:36 matebook-e-go kernel: [    0.880050] qcom_q6v5_pas 3000000.remoteproc: error -22 initializing firmware qcom/sc8280xp/LENOVO/21BX/qcadsp8280.mbn
Apr 23 09:32:36 matebook-e-go kernel: [    0.880150] remoteproc remoteproc0: can't start rproc 3000000.remoteproc: -22
Apr 23 09:32:36 matebook-e-go kernel: [    0.912992] remoteproc remoteproc1: remote processor 1b300000.remoteproc is now up
Apr 23 09:32:36 matebook-e-go kernel: [    0.939196] dsi_get_pclk_rate: pixel clock rate now is 281848000
Apr 23 09:32:36 matebook-e-go kernel: [    0.940796] qcom-pcie 1c20000.pcie: iATU: unroll T, 8 ob, 8 ib, align 4K, limit 1024G
Apr 23 09:32:36 matebook-e-go kernel: [    0.941064] qcom-pcie 1c10000.pcie: iATU: unroll T, 8 ob, 8 ib, align 4K, limit 1024G
Apr 23 09:32:36 matebook-e-go kernel: [    0.947206] dsi_get_pclk_rate: pixel clock rate now is 281848000
Apr 23 09:32:36 matebook-e-go kernel: [    0.947301] dsi_mgr_phy_enable: single dsi, id is 0
Apr 23 09:32:36 matebook-e-go kernel: [    0.948407] dsi_get_pclk_rate: pixel clock rate now is 281848000
Apr 23 09:32:36 matebook-e-go kernel: [    0.948410] dsi_get_pclk_rate: pixel clock rate now is 281848000
Apr 23 09:32:36 matebook-e-go kernel: [    0.948811] dsi_7nm_pll_restore_state:set dsi_pll rate when restore
Apr 23 09:32:36 matebook-e-go kernel: [    0.948813] dsi_pll_7nm_vco_set_rate:DSI PLL0 rate=0, parent's=19200000
Apr 23 09:32:36 matebook-e-go kernel: [    0.949200] clk_calc_new_rates: now calc clk: disp0_cc_mdss_byte0_clk, its parent clk: disp0_cc_mdss_byte0_clk_src, its rate: 0, its req_rate:105693000
Apr 23 09:32:36 matebook-e-go kernel: [    0.949202] clk_calc_new_rates: pixel clock from 0 to 18446744073709551615
Apr 23 09:32:36 matebook-e-go kernel: [    0.949204] clk_calc_new_rates: disp0_cc_mdss_byte0_clk pass-through clock with adjustable parent
Apr 23 09:32:36 matebook-e-go kernel: [    0.949205] clk_calc_new_rates: now calc clk: disp0_cc_mdss_byte0_clk_src, its parent clk: dsi0_phy_pll_out_byteclk, its rate: 0, its req_rate:105693000
Apr 23 09:32:36 matebook-e-go kernel: [    0.949206] clk_calc_new_rates: pixel clock from 0 to 18446744073709551615
Apr 23 09:32:36 matebook-e-go kernel: [    0.949207] clk_calc_new_rates: disp0_cc_mdss_byte0_clk_src clk_core_can_round is TRUE
Apr 23 09:32:36 matebook-e-go kernel: [    0.949210] clk_calc_new_rates: disp0_cc_mdss_byte0_clk_src new rate is 105693000, req.rate is 105693000 and parent is dsi0_phy_pll_out_byteclk
Apr 23 09:32:36 matebook-e-go kernel: [    0.949226] clk_calc_new_rates: set disp0_cc_mdss_byte0_clk_src parent dsi0_phy_pll_out_byteclk rate: 105693000
Apr 23 09:32:36 matebook-e-go kernel: [    0.949227] clk_calc_new_rates: now calc clk: dsi0_phy_pll_out_byteclk, its parent clk: dsi0_pll_bit_clk, its rate: 0, its req_rate:105693000
Apr 23 09:32:36 matebook-e-go kernel: [    0.949228] clk_calc_new_rates: pixel clock from 0 to 18446744073709551615
Apr 23 09:32:36 matebook-e-go kernel: [    0.949229] clk_calc_new_rates: dsi0_phy_pll_out_byteclk clk_core_can_round is TRUE
Apr 23 09:32:36 matebook-e-go kernel: [    0.949232] clk_calc_new_rates: dsi0_phy_pll_out_byteclk new rate is 105693000, req.rate is 105693000 and parent is dsi0_pll_bit_clk
Apr 23 09:32:36 matebook-e-go kernel: [    0.949234] clk_calc_new_rates: set dsi0_phy_pll_out_byteclk parent dsi0_pll_bit_clk rate: 739851000
Apr 23 09:32:36 matebook-e-go kernel: [    0.949235] clk_calc_new_rates: now calc clk: dsi0_pll_bit_clk, its parent clk: dsi0_pll_out_div_clk, its rate: 0, its req_rate:739851000
Apr 23 09:32:36 matebook-e-go kernel: [    0.949237] clk_calc_new_rates: pixel clock from 0 to 18446744073709551615
Apr 23 09:32:36 matebook-e-go kernel: [    0.949237] clk_calc_new_rates: dsi0_pll_bit_clk clk_core_can_round is TRUE
Apr 23 09:32:36 matebook-e-go kernel: [    0.949240] clk_calc_new_rates: dsi0_pll_bit_clk new rate is 739851000, req.rate is 739851000 and parent is dsi0_pll_out_div_clk
Apr 23 09:32:36 matebook-e-go kernel: [    0.949241] clk_calc_new_rates: set dsi0_pll_bit_clk parent dsi0_pll_out_div_clk rate: 739851000
Apr 23 09:32:36 matebook-e-go kernel: [    0.949242] clk_calc_new_rates: now calc clk: dsi0_pll_out_div_clk, its parent clk: dsi0vco_clk, its rate: 0, its req_rate:739851000
Apr 23 09:32:36 matebook-e-go kernel: [    0.949243] clk_calc_new_rates: pixel clock from 0 to 18446744073709551615
Apr 23 09:32:36 matebook-e-go kernel: [    0.949244] clk_calc_new_rates: dsi0_pll_out_div_clk clk_core_can_round is TRUE
Apr 23 09:32:36 matebook-e-go kernel: [    0.949245] clk_calc_new_rates: dsi0_pll_out_div_clk new rate is 739851000, req.rate is 739851000 and parent is dsi0vco_clk
Apr 23 09:32:36 matebook-e-go kernel: [    0.949246] clk_calc_new_rates: set dsi0_pll_out_div_clk parent dsi0vco_clk rate: 739851000
Apr 23 09:32:36 matebook-e-go kernel: [    0.949247] clk_calc_new_rates: now calc clk: dsi0vco_clk, its parent clk: bi_tcxo, its rate: 0, its req_rate:739851000
Apr 23 09:32:36 matebook-e-go kernel: [    0.949249] clk_calc_new_rates: pixel clock from 0 to 18446744073709551615
Apr 23 09:32:36 matebook-e-go kernel: [    0.949250] clk_calc_new_rates: dsi0vco_clk clk_core_can_round is TRUE
Apr 23 09:32:36 matebook-e-go kernel: [    0.949250] clk_calc_new_rates: dsi0vco_clk new rate is 739851000, req.rate is 739851000 and parent is bi_tcxo
Apr 23 09:32:36 matebook-e-go kernel: [    0.949289] dsi_pll_7nm_vco_set_rate:DSI PLL0 rate=739851000, parent's=19200000
Apr 23 09:32:36 matebook-e-go kernel: [    0.949389] clk_calc_new_rates: now calc clk: disp0_cc_mdss_pclk0_clk, its parent clk: disp0_cc_mdss_pclk0_clk_src, its rate: 14092400, its req_rate:281848000
Apr 23 09:32:36 matebook-e-go kernel: [    0.949390] clk_calc_new_rates: pixel clock from 0 to 18446744073709551615
Apr 23 09:32:36 matebook-e-go kernel: [    0.949391] clk_calc_new_rates: disp0_cc_mdss_pclk0_clk pass-through clock with adjustable parent
Apr 23 09:32:36 matebook-e-go kernel: [    0.949392] clk_calc_new_rates: now calc clk: disp0_cc_mdss_pclk0_clk_src, its parent clk: dsi0_phy_pll_out_dsiclk, its rate: 14092400, its req_rate:281848000
Apr 23 09:32:36 matebook-e-go kernel: [    0.949393] clk_calc_new_rates: pixel clock from 0 to 18446744073709551615
Apr 23 09:32:36 matebook-e-go kernel: [    0.949394] clk_calc_new_rates: disp0_cc_mdss_pclk0_clk_src clk_core_can_round is TRUE
Apr 23 09:32:36 matebook-e-go kernel: [    0.949395] clk_calc_new_rates: disp0_cc_mdss_pclk0_clk_src clk_core_determine_round_nolock is error -22
Apr 23 09:32:36 matebook-e-go kernel: [    0.949396] clk_calc_new_rates: disp0_cc_mdss_pclk0_clk_src new rate is 281848000, req.rate is 281848000 and parent is dsi0_phy_pll_out_dsiclk
Apr 23 09:32:36 matebook-e-go kernel: [    0.949491] clk_calc_new_rates: now calc clk: disp0_cc_mdss_byte0_intf_clk, its parent clk: disp0_cc_mdss_byte0_div_clk_src, its rate: 52846498, its req_rate:105693000
Apr 23 09:32:36 matebook-e-go kernel: [    0.949495] clk_calc_new_rates: pixel clock from 0 to 18446744073709551615
Apr 23 09:32:36 matebook-e-go kernel: [    0.949498] clk_calc_new_rates: disp0_cc_mdss_byte0_intf_clk pass-through clock with adjustable parent
Apr 23 09:32:36 matebook-e-go kernel: [    0.949499] clk_calc_new_rates: now calc clk: disp0_cc_mdss_byte0_div_clk_src, its parent clk: disp0_cc_mdss_byte0_clk_src, its rate: 52846498, its req_rate:105693000
Apr 23 09:32:36 matebook-e-go kernel: [    0.949502] clk_calc_new_rates: pixel clock from 0 to 18446744073709551615
Apr 23 09:32:36 matebook-e-go kernel: [    0.949503] clk_calc_new_rates: disp0_cc_mdss_byte0_div_clk_src clk_core_can_round is TRUE
Apr 23 09:32:36 matebook-e-go kernel: [    0.949564] clk_calc_new_rates: disp0_cc_mdss_byte0_div_clk_src new rate is 105693000, req.rate is 105693000 and parent is disp0_cc_mdss_byte0_clk_src
Apr 23 09:32:36 matebook-e-go kernel: [    0.949566] clk_calc_new_rates: set disp0_cc_mdss_byte0_div_clk_src parent disp0_cc_mdss_byte0_clk_src rate: 105693000
Apr 23 09:32:36 matebook-e-go kernel: [    0.949568] clk_calc_new_rates: now calc clk: disp0_cc_mdss_byte0_clk_src, its parent clk: dsi0_phy_pll_out_byteclk, its rate: 105692996, its req_rate:105693000
Apr 23 09:32:36 matebook-e-go kernel: [    0.949571] clk_calc_new_rates: pixel clock from 0 to 18446744073709551615
Apr 23 09:32:36 matebook-e-go kernel: [    0.949573] clk_calc_new_rates: disp0_cc_mdss_byte0_clk_src clk_core_can_round is TRUE
Apr 23 09:32:36 matebook-e-go kernel: [    0.949578] clk_calc_new_rates: disp0_cc_mdss_byte0_clk_src new rate is 105693000, req.rate is 105693000 and parent is dsi0_phy_pll_out_byteclk
Apr 23 09:32:36 matebook-e-go kernel: [    0.949586] clk_calc_new_rates: set disp0_cc_mdss_byte0_clk_src parent dsi0_phy_pll_out_byteclk rate: 105693000
Apr 23 09:32:36 matebook-e-go kernel: [    0.949589] clk_calc_new_rates: now calc clk: dsi0_phy_pll_out_byteclk, its parent clk: dsi0_pll_bit_clk, its rate: 105692996, its req_rate:105693000
Apr 23 09:32:36 matebook-e-go kernel: [    0.949591] clk_calc_new_rates: pixel clock from 0 to 18446744073709551615
Apr 23 09:32:36 matebook-e-go kernel: [    0.949593] clk_calc_new_rates: dsi0_phy_pll_out_byteclk clk_core_can_round is TRUE
Apr 23 09:32:36 matebook-e-go kernel: [    0.949598] clk_calc_new_rates: dsi0_phy_pll_out_byteclk new rate is 105693000, req.rate is 105693000 and parent is dsi0_pll_bit_clk
Apr 23 09:32:36 matebook-e-go kernel: [    0.949601] clk_calc_new_rates: set dsi0_phy_pll_out_byteclk parent dsi0_pll_bit_clk rate: 739851000
Apr 23 09:32:36 matebook-e-go kernel: [    0.949603] clk_calc_new_rates: now calc clk: dsi0_pll_bit_clk, its parent clk: dsi0_pll_out_div_clk, its rate: 739850976, its req_rate:739851000
Apr 23 09:32:36 matebook-e-go kernel: [    0.949605] clk_calc_new_rates: pixel clock from 0 to 18446744073709551615
Apr 23 09:32:36 matebook-e-go kernel: [    0.949607] clk_calc_new_rates: dsi0_pll_bit_clk clk_core_can_round is TRUE
Apr 23 09:32:36 matebook-e-go kernel: [    0.949612] clk_calc_new_rates: dsi0_pll_bit_clk new rate is 739851000, req.rate is 739851000 and parent is dsi0_pll_out_div_clk
Apr 23 09:32:36 matebook-e-go kernel: [    0.949615] clk_calc_new_rates: set dsi0_pll_bit_clk parent dsi0_pll_out_div_clk rate: 739851000
Apr 23 09:32:36 matebook-e-go kernel: [    0.949617] clk_calc_new_rates: now calc clk: dsi0_pll_out_div_clk, its parent clk: dsi0vco_clk, its rate: 739850976, its req_rate:739851000
Apr 23 09:32:36 matebook-e-go kernel: [    0.949619] clk_calc_new_rates: pixel clock from 0 to 18446744073709551615
Apr 23 09:32:36 matebook-e-go kernel: [    0.949621] clk_calc_new_rates: dsi0_pll_out_div_clk clk_core_can_round is TRUE
Apr 23 09:32:36 matebook-e-go kernel: [    0.949622] clk_calc_new_rates: dsi0_pll_out_div_clk new rate is 739851000, req.rate is 739851000 and parent is dsi0vco_clk
Apr 23 09:32:36 matebook-e-go kernel: [    0.949625] clk_calc_new_rates: set dsi0_pll_out_div_clk parent dsi0vco_clk rate: 739851000
Apr 23 09:32:36 matebook-e-go kernel: [    0.949627] clk_calc_new_rates: now calc clk: dsi0vco_clk, its parent clk: bi_tcxo, its rate: 739850976, its req_rate:739851000
Apr 23 09:32:36 matebook-e-go kernel: [    0.949629] clk_calc_new_rates: pixel clock from 0 to 18446744073709551615
Apr 23 09:32:36 matebook-e-go kernel: [    0.949631] clk_calc_new_rates: dsi0vco_clk clk_core_can_round is TRUE
Apr 23 09:32:36 matebook-e-go kernel: [    0.949632] clk_calc_new_rates: dsi0vco_clk new rate is 739851000, req.rate is 739851000 and parent is bi_tcxo
Apr 23 09:32:36 matebook-e-go kernel: [    0.949672] dsi_pll_7nm_vco_set_rate:DSI PLL0 rate=739851000, parent's=19200000
Apr 23 09:32:36 matebook-e-go kernel: [    0.952608] qcom-pcie 1c00000.pcie: iATU: unroll T, 8 ob, 8 ib, align 4K, limit 1024G
Apr 23 09:32:36 matebook-e-go kernel: [    0.975959] clk_calc_new_rates: now calc clk: disp0_cc_mdss_mdp_clk, its parent clk: disp0_cc_mdss_mdp_clk_src, its rate: 600000000, its req_rate:300000000
Apr 23 09:32:36 matebook-e-go kernel: [    0.975969] clk_calc_new_rates: pixel clock from 0 to 18446744073709551615
Apr 23 09:32:36 matebook-e-go kernel: [    0.975973] clk_calc_new_rates: disp0_cc_mdss_mdp_clk pass-through clock with adjustable parent
Apr 23 09:32:36 matebook-e-go kernel: [    0.975975] clk_calc_new_rates: now calc clk: disp0_cc_mdss_mdp_clk_src, its parent clk: disp0_cc_pll1, its rate: 600000000, its req_rate:300000000
Apr 23 09:32:36 matebook-e-go kernel: [    0.975979] clk_calc_new_rates: pixel clock from 0 to 18446744073709551615
Apr 23 09:32:36 matebook-e-go kernel: [    0.975981] clk_calc_new_rates: disp0_cc_mdss_mdp_clk_src clk_core_can_round is TRUE
Apr 23 09:32:36 matebook-e-go kernel: [    0.975984] clk_calc_new_rates: disp0_cc_mdss_mdp_clk_src new rate is 300000000, req.rate is 300000000 and parent is disp0_cc_pll1
Apr 23 09:32:36 matebook-e-go kernel: [    1.041190] qcom-pcie 1c20000.pcie: PCIe Gen.3 x4 link up
Apr 23 09:32:36 matebook-e-go kernel: [    1.041323] qcom-pcie 1c20000.pcie: PCI host bridge to bus 0002:00
Apr 23 09:32:36 matebook-e-go kernel: [    1.041325] pci_bus 0002:00: root bus resource [bus 00-ff]
Apr 23 09:32:36 matebook-e-go kernel: [    1.041329] pci_bus 0002:00: root bus resource [io  0x100000-0x1fffff] (bus address [0x0000-0xfffff])
Apr 23 09:32:36 matebook-e-go kernel: [    1.041330] pci_bus 0002:00: root bus resource [mem 0x3c300000-0x3dffffff]
Apr 23 09:32:36 matebook-e-go kernel: [    1.041342] pci 0002:00:00.0: [17cb:010e] type 01 class 0x060400
Apr 23 09:32:36 matebook-e-go kernel: [    1.041350] pci 0002:00:00.0: reg 0x10: [mem 0x00000000-0x00000fff]
Apr 23 09:32:36 matebook-e-go kernel: [    1.041394] pci 0002:00:00.0: PME# supported from D0 D3hot D3cold
Apr 23 09:32:36 matebook-e-go kernel: [    1.042425] pci 0002:01:00.0: [126f:1001] type 00 class 0x010802
Apr 23 09:32:36 matebook-e-go kernel: [    1.042511] pci 0002:01:00.0: reg 0x10: [mem 0x00000000-0x00003fff 64bit]
Apr 23 09:32:36 matebook-e-go kernel: [    1.046990] clk_calc_new_rates: now calc clk: disp0_cc_mdss_pclk0_clk, its parent clk: disp0_cc_mdss_pclk0_clk_src, its rate: 14092400, its req_rate:281848000
Apr 23 09:32:36 matebook-e-go kernel: [    1.046996] clk_calc_new_rates: pixel clock from 0 to 18446744073709551615
Apr 23 09:32:36 matebook-e-go kernel: [    1.046997] clk_calc_new_rates: disp0_cc_mdss_pclk0_clk pass-through clock with adjustable parent
Apr 23 09:32:36 matebook-e-go kernel: [    1.046998] clk_calc_new_rates: now calc clk: disp0_cc_mdss_pclk0_clk_src, its parent clk: dsi0_phy_pll_out_dsiclk, its rate: 14092400, its req_rate:281848000
Apr 23 09:32:36 matebook-e-go kernel: [    1.047000] clk_calc_new_rates: pixel clock from 0 to 18446744073709551615
Apr 23 09:32:36 matebook-e-go kernel: [    1.047001] clk_calc_new_rates: disp0_cc_mdss_pclk0_clk_src clk_core_can_round is TRUE
Apr 23 09:32:36 matebook-e-go kernel: [    1.047002] clk_calc_new_rates: disp0_cc_mdss_pclk0_clk_src clk_core_determine_round_nolock is error -22
Apr 23 09:32:36 matebook-e-go kernel: [    1.047004] clk_calc_new_rates: disp0_cc_mdss_pclk0_clk_src new rate is 281848000, req.rate is 281848000 and parent is dsi0_phy_pll_out_dsiclk
Apr 23 09:32:36 matebook-e-go kernel: [    1.047114] clk_calc_new_rates: now calc clk: disp0_cc_mdss_byte0_intf_clk, its parent clk: disp0_cc_mdss_byte0_div_clk_src, its rate: 105692996, its req_rate:105693000
Apr 23 09:32:36 matebook-e-go kernel: [    1.047119] clk_calc_new_rates: pixel clock from 0 to 18446744073709551615
Apr 23 09:32:36 matebook-e-go kernel: [    1.047121] clk_calc_new_rates: disp0_cc_mdss_byte0_intf_clk pass-through clock with adjustable parent
Apr 23 09:32:36 matebook-e-go kernel: [    1.047123] clk_calc_new_rates: now calc clk: disp0_cc_mdss_byte0_div_clk_src, its parent clk: disp0_cc_mdss_byte0_clk_src, its rate: 105692996, its req_rate:105693000
Apr 23 09:32:36 matebook-e-go kernel: [    1.047128] clk_calc_new_rates: pixel clock from 0 to 18446744073709551615
Apr 23 09:32:36 matebook-e-go kernel: [    1.047131] clk_calc_new_rates: disp0_cc_mdss_byte0_div_clk_src clk_core_can_round is TRUE
Apr 23 09:32:36 matebook-e-go kernel: [    1.047192] clk_calc_new_rates: disp0_cc_mdss_byte0_div_clk_src new rate is 105693000, req.rate is 105693000 and parent is disp0_cc_mdss_byte0_clk_src
Apr 23 09:32:36 matebook-e-go kernel: [    1.047195] clk_calc_new_rates: set disp0_cc_mdss_byte0_div_clk_src parent disp0_cc_mdss_byte0_clk_src rate: 105693000
Apr 23 09:32:36 matebook-e-go kernel: [    1.047199] clk_calc_new_rates: now calc clk: disp0_cc_mdss_byte0_clk_src, its parent clk: dsi0_phy_pll_out_byteclk, its rate: 105692996, its req_rate:105693000
Apr 23 09:32:36 matebook-e-go kernel: [    1.047203] clk_calc_new_rates: pixel clock from 0 to 18446744073709551615
Apr 23 09:32:36 matebook-e-go kernel: [    1.047205] clk_calc_new_rates: disp0_cc_mdss_byte0_clk_src clk_core_can_round is TRUE
Apr 23 09:32:36 matebook-e-go kernel: [    1.047211] clk_calc_new_rates: disp0_cc_mdss_byte0_clk_src new rate is 105693000, req.rate is 105693000 and parent is dsi0_phy_pll_out_byteclk
Apr 23 09:32:36 matebook-e-go kernel: [    1.047229] clk_calc_new_rates: set disp0_cc_mdss_byte0_clk_src parent dsi0_phy_pll_out_byteclk rate: 105693000
Apr 23 09:32:36 matebook-e-go kernel: [    1.047232] clk_calc_new_rates: now calc clk: dsi0_phy_pll_out_byteclk, its parent clk: dsi0_pll_bit_clk, its rate: 105692996, its req_rate:105693000
Apr 23 09:32:36 matebook-e-go kernel: [    1.047237] clk_calc_new_rates: pixel clock from 0 to 18446744073709551615
Apr 23 09:32:36 matebook-e-go kernel: [    1.047239] clk_calc_new_rates: dsi0_phy_pll_out_byteclk clk_core_can_round is TRUE
Apr 23 09:32:36 matebook-e-go kernel: [    1.047245] clk_calc_new_rates: dsi0_phy_pll_out_byteclk new rate is 105693000, req.rate is 105693000 and parent is dsi0_pll_bit_clk
Apr 23 09:32:36 matebook-e-go kernel: [    1.047247] clk_calc_new_rates: set dsi0_phy_pll_out_byteclk parent dsi0_pll_bit_clk rate: 739851000
Apr 23 09:32:36 matebook-e-go kernel: [    1.047250] clk_calc_new_rates: now calc clk: dsi0_pll_bit_clk, its parent clk: dsi0_pll_out_div_clk, its rate: 739850976, its req_rate:739851000
Apr 23 09:32:36 matebook-e-go kernel: [    1.047253] clk_calc_new_rates: pixel clock from 0 to 18446744073709551615
Apr 23 09:32:36 matebook-e-go kernel: [    1.047254] clk_calc_new_rates: dsi0_pll_bit_clk clk_core_can_round is TRUE
Apr 23 09:32:36 matebook-e-go kernel: [    1.047259] clk_calc_new_rates: dsi0_pll_bit_clk new rate is 739851000, req.rate is 739851000 and parent is dsi0_pll_out_div_clk
Apr 23 09:32:36 matebook-e-go kernel: [    1.047262] clk_calc_new_rates: set dsi0_pll_bit_clk parent dsi0_pll_out_div_clk rate: 739851000
Apr 23 09:32:36 matebook-e-go kernel: [    1.047264] clk_calc_new_rates: now calc clk: dsi0_pll_out_div_clk, its parent clk: dsi0vco_clk, its rate: 739850976, its req_rate:739851000
Apr 23 09:32:36 matebook-e-go kernel: [    1.047267] clk_calc_new_rates: pixel clock from 0 to 18446744073709551615
Apr 23 09:32:36 matebook-e-go kernel: [    1.047269] clk_calc_new_rates: dsi0_pll_out_div_clk clk_core_can_round is TRUE
Apr 23 09:32:36 matebook-e-go kernel: [    1.047270] clk_calc_new_rates: dsi0_pll_out_div_clk new rate is 739851000, req.rate is 739851000 and parent is dsi0vco_clk
Apr 23 09:32:36 matebook-e-go kernel: [    1.047273] clk_calc_new_rates: set dsi0_pll_out_div_clk parent dsi0vco_clk rate: 739851000
Apr 23 09:32:36 matebook-e-go kernel: [    1.047275] clk_calc_new_rates: now calc clk: dsi0vco_clk, its parent clk: bi_tcxo, its rate: 739850976, its req_rate:739851000
Apr 23 09:32:36 matebook-e-go kernel: [    1.047278] clk_calc_new_rates: pixel clock from 0 to 18446744073709551615
Apr 23 09:32:36 matebook-e-go kernel: [    1.047280] clk_calc_new_rates: dsi0vco_clk clk_core_can_round is TRUE
Apr 23 09:32:36 matebook-e-go kernel: [    1.047281] clk_calc_new_rates: dsi0vco_clk new rate is 739851000, req.rate is 739851000 and parent is bi_tcxo
Apr 23 09:32:36 matebook-e-go kernel: [    1.047329] dsi_pll_7nm_vco_set_rate:DSI PLL0 rate=739851000, parent's=19200000
Apr 23 09:32:36 matebook-e-go kernel: [    1.051475] qcom-pcie 1c00000.pcie: PCIe Gen.3 x1 link up
Apr 23 09:32:36 matebook-e-go kernel: [    1.051526] qcom-pcie 1c00000.pcie: PCI host bridge to bus 0006:00
Apr 23 09:32:36 matebook-e-go kernel: [    1.051529] pci_bus 0006:00: root bus resource [bus 00-ff]
Apr 23 09:32:36 matebook-e-go kernel: [    1.051531] pci_bus 0006:00: root bus resource [io  0x0000-0xfffff]
Apr 23 09:32:36 matebook-e-go kernel: [    1.051532] pci_bus 0006:00: root bus resource [mem 0x30300000-0x31ffffff]
Apr 23 09:32:36 matebook-e-go kernel: [    1.059063] pci 0002:00:00.0: BAR 8: assigned [mem 0x3c300000-0x3c3fffff]
Apr 23 09:32:36 matebook-e-go kernel: [    1.059066] pci 0002:00:00.0: BAR 0: assigned [mem 0x3c400000-0x3c400fff]
Apr 23 09:32:36 matebook-e-go kernel: [    1.059072] pci 0002:01:00.0: BAR 0: assigned [mem 0x3c300000-0x3c303fff 64bit]
Apr 23 09:32:36 matebook-e-go kernel: [    1.059075] pci 0006:00:00.0: [17cb:010e] type 01 class 0x060400
Apr 23 09:32:36 matebook-e-go kernel: [    1.059134] pci 0002:00:00.0: PCI bridge to [bus 01-ff]
Apr 23 09:32:36 matebook-e-go kernel: [    1.059142] pci 0002:00:00.0:   bridge window [mem 0x3c300000-0x3c3fffff]
Apr 23 09:32:36 matebook-e-go kernel: [    1.059141] pci 0006:00:00.0: reg 0x10: [mem 0x00000000-0x00000fff]
Apr 23 09:32:36 matebook-e-go kernel: [    1.059202] pci 0006:00:00.0: PME# supported from D0 D3hot D3cold
Apr 23 09:32:36 matebook-e-go kernel: [    1.059697] pcieport 0002:00:00.0: PME: Signaling with IRQ 227
Apr 23 09:32:36 matebook-e-go kernel: [    1.060159] pcieport 0002:00:00.0: AER: enabled with IRQ 227
Apr 23 09:32:36 matebook-e-go kernel: [    1.060607] pci 0006:01:00.0: [17cb:1103] type 00 class 0x028000
Apr 23 09:32:36 matebook-e-go kernel: [    1.060701] pci 0006:01:00.0: reg 0x10: [mem 0x00000000-0x001fffff 64bit]
Apr 23 09:32:36 matebook-e-go kernel: [    1.061280] pci 0006:01:00.0: PME# supported from D0 D3hot D3cold
Apr 23 09:32:36 matebook-e-go kernel: [    1.071706] pci 0006:00:00.0: BAR 8: assigned [mem 0x30400000-0x305fffff]
Apr 23 09:32:36 matebook-e-go kernel: [    1.071717] pci 0006:00:00.0: BAR 0: assigned [mem 0x30300000-0x30300fff]
Apr 23 09:32:36 matebook-e-go kernel: [    1.071724] pci 0006:01:00.0: BAR 0: assigned [mem 0x30400000-0x305fffff 64bit]
Apr 23 09:32:36 matebook-e-go kernel: [    1.071784] pci 0006:00:00.0: PCI bridge to [bus 01-ff]
Apr 23 09:32:36 matebook-e-go kernel: [    1.071789] pci 0006:00:00.0:   bridge window [mem 0x30400000-0x305fffff]
Apr 23 09:32:36 matebook-e-go kernel: [    1.072291] pcieport 0006:00:00.0: PME: Signaling with IRQ 229
Apr 23 09:32:36 matebook-e-go kernel: [    1.072958] pcieport 0006:00:00.0: AER: enabled with IRQ 229
Apr 23 09:32:36 matebook-e-go kernel: [    1.098981] usb 1-3: new full-speed USB device number 2 using xhci-hcd
Apr 23 09:32:36 matebook-e-go kernel: [    1.126976] msm_dsi ae94000.dsi: [drm:dsi_cmds2buf_tx] *ERROR* wait for video done timed out
Apr 23 09:32:36 matebook-e-go kernel: [    1.130473] clk_calc_new_rates: now calc clk: disp0_cc_mdss_byte0_clk, its parent clk: disp0_cc_mdss_byte0_clk_src, its rate: 105692996, its req_rate:105693000
Apr 23 09:32:36 matebook-e-go kernel: [    1.130484] clk_calc_new_rates: pixel clock from 0 to 18446744073709551615
Apr 23 09:32:36 matebook-e-go kernel: [    1.130487] clk_calc_new_rates: disp0_cc_mdss_byte0_clk pass-through clock with adjustable parent
Apr 23 09:32:36 matebook-e-go kernel: [    1.130489] clk_calc_new_rates: now calc clk: disp0_cc_mdss_byte0_clk_src, its parent clk: dsi0_phy_pll_out_byteclk, its rate: 105692996, its req_rate:105693000
Apr 23 09:32:36 matebook-e-go kernel: [    1.130493] clk_calc_new_rates: pixel clock from 0 to 18446744073709551615
Apr 23 09:32:36 matebook-e-go kernel: [    1.130495] clk_calc_new_rates: disp0_cc_mdss_byte0_clk_src clk_core_can_round is TRUE
Apr 23 09:32:36 matebook-e-go kernel: [    1.130501] clk_calc_new_rates: disp0_cc_mdss_byte0_clk_src new rate is 105693000, req.rate is 105693000 and parent is dsi0_phy_pll_out_byteclk
Apr 23 09:32:36 matebook-e-go kernel: [    1.130541] clk_calc_new_rates: set disp0_cc_mdss_byte0_clk_src parent dsi0_phy_pll_out_byteclk rate: 105693000
Apr 23 09:32:36 matebook-e-go kernel: [    1.130544] clk_calc_new_rates: now calc clk: dsi0_phy_pll_out_byteclk, its parent clk: dsi0_pll_bit_clk, its rate: 105692996, its req_rate:105693000
Apr 23 09:32:36 matebook-e-go kernel: [    1.130548] clk_calc_new_rates: pixel clock from 0 to 18446744073709551615
Apr 23 09:32:36 matebook-e-go kernel: [    1.130549] clk_calc_new_rates: dsi0_phy_pll_out_byteclk clk_core_can_round is TRUE
Apr 23 09:32:36 matebook-e-go kernel: [    1.130555] clk_calc_new_rates: dsi0_phy_pll_out_byteclk new rate is 105693000, req.rate is 105693000 and parent is dsi0_pll_bit_clk
Apr 23 09:32:36 matebook-e-go kernel: [    1.130558] clk_calc_new_rates: set dsi0_phy_pll_out_byteclk parent dsi0_pll_bit_clk rate: 739851000
Apr 23 09:32:36 matebook-e-go kernel: [    1.130561] clk_calc_new_rates: now calc clk: dsi0_pll_bit_clk, its parent clk: dsi0_pll_out_div_clk, its rate: 739850976, its req_rate:739851000
Apr 23 09:32:36 matebook-e-go kernel: [    1.130564] clk_calc_new_rates: pixel clock from 0 to 18446744073709551615
Apr 23 09:32:36 matebook-e-go kernel: [    1.130566] clk_calc_new_rates: dsi0_pll_bit_clk clk_core_can_round is TRUE
Apr 23 09:32:36 matebook-e-go kernel: [    1.130571] clk_calc_new_rates: dsi0_pll_bit_clk new rate is 739851000, req.rate is 739851000 and parent is dsi0_pll_out_div_clk
Apr 23 09:32:36 matebook-e-go kernel: [    1.130574] clk_calc_new_rates: set dsi0_pll_bit_clk parent dsi0_pll_out_div_clk rate: 739851000
Apr 23 09:32:36 matebook-e-go kernel: [    1.130576] clk_calc_new_rates: now calc clk: dsi0_pll_out_div_clk, its parent clk: dsi0vco_clk, its rate: 739850976, its req_rate:739851000
Apr 23 09:32:36 matebook-e-go kernel: [    1.130582] clk_calc_new_rates: pixel clock from 0 to 18446744073709551615
Apr 23 09:32:36 matebook-e-go kernel: [    1.130583] clk_calc_new_rates: dsi0_pll_out_div_clk clk_core_can_round is TRUE
Apr 23 09:32:36 matebook-e-go kernel: [    1.130585] clk_calc_new_rates: dsi0_pll_out_div_clk new rate is 739851000, req.rate is 739851000 and parent is dsi0vco_clk
Apr 23 09:32:36 matebook-e-go kernel: [    1.130588] clk_calc_new_rates: set dsi0_pll_out_div_clk parent dsi0vco_clk rate: 739851000
Apr 23 09:32:36 matebook-e-go kernel: [    1.130590] clk_calc_new_rates: now calc clk: dsi0vco_clk, its parent clk: bi_tcxo, its rate: 739850976, its req_rate:739851000
Apr 23 09:32:36 matebook-e-go kernel: [    1.130593] clk_calc_new_rates: pixel clock from 0 to 18446744073709551615
Apr 23 09:32:36 matebook-e-go kernel: [    1.130594] clk_calc_new_rates: dsi0vco_clk clk_core_can_round is TRUE
